2019/12/11 20:28:08 [error] 1497#1497: *41 open() "/usr/share/nginx/damine.best/b" failed (2: No such file or directory), client: 177.84.233.119, server: damine.best, request: "GET /b HTTP/1.1", host: "damine.best"
2019/12/11 20:28:09 [error] 1497#1497: *41 open() "/usr/share/nginx/damine.best/favicon.ico" failed (2: No such file or directory), client: 177.84.233.119, server: damine.best, request: "GET /favicon.ico HTTP/1.1", host: "damine.best", referrer: "http://damine.best/b"
2019/12/11 20:28:11 [error] 1497#1497: *41 open() "/usr/share/nginx/damine.best/damine/static/css/base.css" failed (2: No such file or directory), client: 177.84.233.119, server: damine.best, request: "GET /damine/static/css/base.css HTTP/1.1", host: "damine.best", referrer: "http://damine.best/"
2019/12/11 20:28:11 [error] 1497#1497: *42 open() "/usr/share/nginx/damine.best/damine/static/css/skeleton.css" failed (2: No such file or directory), client: 177.84.233.119, server: damine.best, request: "GET /damine/static/css/skeleton.css HTTP/1.1", host: "damine.best", referrer: "http://damine.best/"
2019/12/11 20:28:11 [error] 1497#1497: *43 open() "/usr/share/nginx/damine.best/damine/static/css/layout.css" failed (2: No such file or directory), client: 177.84.233.119, server: damine.best, request: "GET /damine/static/css/layout.css HTTP/1.1", host: "damine.best", referrer: "http://damine.best/"
2019/12/11 20:28:11 [error] 1497#1497: *41 open() "/usr/share/nginx/damine.best/damine/static/img/profile.png" failed (2: No such file or directory), client: 177.84.233.119, server: damine.best, request: "GET /damine/static/img/profile.png HTTP/1.1", host: "damine.best", referrer: "http://damine.best/"
2019/12/11 20:28:11 [error] 1497#1497: *41 open() "/usr/share/nginx/damine.best/damine/static/img/favicon.png" failed (2: No such file or directory), client: 177.84.233.119, server: damine.best, request: "GET /damine/static/img/favicon.png HTTP/1.1", host: "damine.best", referrer: "http://damine.best/"
2019/12/11 20:28:13 [error] 1497#1497: *41 open() "/usr/share/nginx/damine.best/damine/static/css/base.css" failed (2: No such file or directory), client: 177.84.233.119, server: damine.best, request: "GET /damine/static/css/base.css HTTP/1.1", host: "damine.best", referrer: "http://damine.best/"
2019/12/11 20:28:13 [error] 1497#1497: *42 open() "/usr/share/nginx/damine.best/damine/static/css/layout.css" failed (2: No such file or directory), client: 177.84.233.119, server: damine.best, request: "GET /damine/static/css/layout.css HTTP/1.1", host: "damine.best", referrer: "http://damine.best/"
2019/12/11 20:28:13 [error] 1497#1497: *43 open() "/usr/share/nginx/damine.best/damine/static/css/skeleton.css" failed (2: No such file or directory), client: 177.84.233.119, server: damine.best, request: "GET /damine/static/css/skeleton.css HTTP/1.1", host: "damine.best", referrer: "http://damine.best/"
2019/12/11 20:28:13 [error] 1497#1497: *44 open() "/usr/share/nginx/damine.best/damine/static/img/profile.png" failed (2: No such file or directory), client: 177.84.233.119, server: damine.best, request: "GET /damine/static/img/profile.png HTTP/1.1", host: "damine.best", referrer: "http://damine.best/"
2019/12/11 20:28:49 [error] 1497#1497: *44 open() "/usr/share/nginx/damine.best/damine/static/css/base.css" failed (2: No such file or directory), client: 177.84.233.119, server: damine.best, request: "GET /damine/static/css/base.css HTTP/1.1", host: "damine.best", referrer: "http://damine.best/"
2019/12/11 20:28:49 [error] 1497#1497: *43 open() "/usr/share/nginx/damine.best/damine/static/css/skeleton.css" failed (2: No such file or directory), client: 177.84.233.119, server: damine.best, request: "GET /damine/static/css/skeleton.css HTTP/1.1", host: "damine.best", referrer: "http://damine.best/"
2019/12/11 20:28:49 [error] 1497#1497: *42 open() "/usr/share/nginx/damine.best/damine/static/css/layout.css" failed (2: No such file or directory), client: 177.84.233.119, server: damine.best, request: "GET /damine/static/css/layout.css HTTP/1.1", host: "damine.best", referrer: "http://damine.best/"
2019/12/11 20:28:49 [error] 1497#1497: *41 open() "/usr/share/nginx/damine.best/damine/static/img/profile.png" failed (2: No such file or directory), client: 177.84.233.119, server: damine.best, request: "GET /damine/static/img/profile.png HTTP/1.1", host: "damine.best", referrer: "http://damine.best/"
2019/12/11 20:28:51 [error] 1497#1497: *43 open() "/usr/share/nginx/damine.best/damine/static/css/base.css" failed (2: No such file or directory), client: 177.84.233.119, server: damine.best, request: "GET /damine/static/css/base.css HTTP/1.1", host: "damine.best", referrer: "http://damine.best/"
2019/12/11 20:28:51 [error] 1497#1497: *41 open() "/usr/share/nginx/damine.best/damine/static/css/layout.css" failed (2: No such file or directory), client: 177.84.233.119, server: damine.best, request: "GET /damine/static/css/layout.css HTTP/1.1", host: "damine.best", referrer: "http://damine.best/"
2019/12/11 20:28:51 [error] 1497#1497: *42 open() "/usr/share/nginx/damine.best/damine/static/css/skeleton.css" failed (2: No such file or directory), client: 177.84.233.119, server: damine.best, request: "GET /damine/static/css/skeleton.css HTTP/1.1", host: "damine.best", referrer: "http://damine.best/"
2019/12/11 20:28:51 [error] 1497#1497: *44 open() "/usr/share/nginx/damine.best/damine/static/img/profile.png" failed (2: No such file or directory), client: 177.84.233.119, server: damine.best, request: "GET /damine/static/img/profile.png HTTP/1.1", host: "damine.best", referrer: "http://damine.best/"
2019/12/11 20:28:52 [error] 1497#1497: *42 open() "/usr/share/nginx/damine.best/damine/static/css/base.css" failed (2: No such file or directory), client: 177.84.233.119, server: damine.best, request: "GET /damine/static/css/base.css HTTP/1.1", host: "damine.best", referrer: "http://damine.best/"
2019/12/11 20:28:52 [error] 1497#1497: *44 open() "/usr/share/nginx/damine.best/damine/static/css/skeleton.css" failed (2: No such file or directory), client: 177.84.233.119, server: damine.best, request: "GET /damine/static/css/skeleton.css HTTP/1.1", host: "damine.best", referrer: "http://damine.best/"
2019/12/11 20:28:52 [error] 1497#1497: *41 open() "/usr/share/nginx/damine.best/damine/static/css/layout.css" failed (2: No such file or directory), client: 177.84.233.119, server: damine.best, request: "GET /damine/static/css/layout.css HTTP/1.1", host: "damine.best", referrer: "http://damine.best/"
2019/12/11 20:28:52 [error] 1497#1497: *43 open() "/usr/share/nginx/damine.best/damine/static/img/profile.png" failed (2: No such file or directory), client: 177.84.233.119, server: damine.best, request: "GET /damine/static/img/profile.png HTTP/1.1", host: "damine.best", referrer: "http://damine.best/"
2019/12/11 20:28:52 [error] 1497#1497: *43 open() "/usr/share/nginx/damine.best/damine/static/css/base.css" failed (2: No such file or directory), client: 177.84.233.119, server: damine.best, request: "GET /damine/static/css/base.css HTTP/1.1", host: "damine.best", referrer: "http://damine.best/"
2019/12/11 20:28:52 [error] 1497#1497: *44 open() "/usr/share/nginx/damine.best/damine/static/css/skeleton.css" failed (2: No such file or directory), client: 177.84.233.119, server: damine.best, request: "GET /damine/static/css/skeleton.css HTTP/1.1", host: "damine.best", referrer: "http://damine.best/"
2019/12/11 20:28:52 [error] 1497#1497: *42 open() "/usr/share/nginx/damine.best/damine/static/css/layout.css" failed (2: No such file or directory), client: 177.84.233.119, server: damine.best, request: "GET /damine/static/css/layout.css HTTP/1.1", host: "damine.best", referrer: "http://damine.best/"
2019/12/11 20:28:52 [error] 1497#1497: *41 open() "/usr/share/nginx/damine.best/damine/static/img/profile.png" failed (2: No such file or directory), client: 177.84.233.119, server: damine.best, request: "GET /damine/static/img/profile.png HTTP/1.1", host: "damine.best", referrer: "http://damine.best/"
2019/12/11 20:28:53 [error] 1497#1497: *42 open() "/usr/share/nginx/damine.best/damine/static/css/base.css" failed (2: No such file or directory), client: 177.84.233.119, server: damine.best, request: "GET /damine/static/css/base.css HTTP/1.1", host: "damine.best", referrer: "http://damine.best/"
2019/12/11 20:28:53 [error] 1497#1497: *44 open() "/usr/share/nginx/damine.best/damine/static/css/skeleton.css" failed (2: No such file or directory), client: 177.84.233.119, server: damine.best, request: "GET /damine/static/css/skeleton.css HTTP/1.1", host: "damine.best", referrer: "http://damine.best/"
2019/12/11 20:28:53 [error] 1497#1497: *41 open() "/usr/share/nginx/damine.best/damine/static/css/layout.css" failed (2: No such file or directory), client: 177.84.233.119, server: damine.best, request: "GET /damine/static/css/layout.css HTTP/1.1", host: "damine.best", referrer: "http://damine.best/"
2019/12/11 20:28:53 [error] 1497#1497: *43 open() "/usr/share/nginx/damine.best/damine/static/img/profile.png" failed (2: No such file or directory), client: 177.84.233.119, server: damine.best, request: "GET /damine/static/img/profile.png HTTP/1.1", host: "damine.best", referrer: "http://damine.best/"
2019/12/11 20:29:01 [error] 1497#1497: *43 open() "/usr/share/nginx/damine.best/damine/static/css/base.css" failed (2: No such file or directory), client: 177.84.233.119, server: damine.best, request: "GET /damine/static/css/base.css HTTP/1.1", host: "damine.best", referrer: "http://damine.best/"
2019/12/11 20:29:01 [error] 1497#1497: *41 open() "/usr/share/nginx/damine.best/damine/static/css/skeleton.css" failed (2: No such file or directory), client: 177.84.233.119, server: damine.best, request: "GET /damine/static/css/skeleton.css HTTP/1.1", host: "damine.best", referrer: "http://damine.best/"
2019/12/11 20:29:01 [error] 1497#1497: *44 open() "/usr/share/nginx/damine.best/damine/static/css/layout.css" failed (2: No such file or directory), client: 177.84.233.119, server: damine.best, request: "GET /damine/static/css/layout.css HTTP/1.1", host: "damine.best", referrer: "http://damine.best/"
2019/12/11 20:29:10 [error] 1497#1497: *44 open() "/usr/share/nginx/damine.best/damine/static/css/base.css" failed (2: No such file or directory), client: 177.84.233.119, server: damine.best, request: "GET /damine/static/css/base.css HTTP/1.1", host: "damine.best"
2019/12/11 20:30:29 [error] 1497#1497: *46 open() "/usr/share/nginx/damine.best/damine/static/css/base.css" failed (13: Permission denied), client: 177.84.233.119, server: damine.best, request: "GET /damine/static/css/base.css HTTP/1.1", host: "damine.best"
2019/12/11 20:30:30 [error] 1497#1497: *46 open() "/usr/share/nginx/damine.best/damine/static/css/base.css" failed (13: Permission denied), client: 177.84.233.119, server: damine.best, request: "GET /damine/static/css/base.css HTTP/1.1", host: "damine.best"
2019/12/11 20:30:30 [error] 1497#1497: *46 open() "/usr/share/nginx/damine.best/damine/static/css/base.css" failed (13: Permission denied), client: 177.84.233.119, server: damine.best, request: "GET /damine/static/css/base.css HTTP/1.1", host: "damine.best"
2019/12/11 20:30:31 [error] 1497#1497: *46 open() "/usr/share/nginx/damine.best/damine/static/css/base.css" failed (13: Permission denied), client: 177.84.233.119, server: damine.best, request: "GET /damine/static/css/base.css HTTP/1.1", host: "damine.best"
2019/12/11 20:30:31 [error] 1497#1497: *46 open() "/usr/share/nginx/damine.best/damine/static/css/base.css" failed (13: Permission denied), client: 177.84.233.119, server: damine.best, request: "GET /damine/static/css/base.css HTTP/1.1", host: "damine.best"
2019/12/11 20:30:32 [error] 1497#1497: *46 open() "/usr/share/nginx/damine.best/damine/static/css/base.css" failed (13: Permission denied), client: 177.84.233.119, server: damine.best, request: "GET /damine/static/css/base.css HTTP/1.1", host: "damine.best"
2019/12/11 20:30:32 [error] 1497#1497: *46 open() "/usr/share/nginx/damine.best/damine/static/css/base.css" failed (13: Permission denied), client: 177.84.233.119, server: damine.best, request: "GET /damine/static/css/base.css HTTP/1.1", host: "damine.best"
2019/12/11 20:30:32 [error] 1497#1497: *46 open() "/usr/share/nginx/damine.best/damine/static/css/base.css" failed (13: Permission denied), client: 177.84.233.119, server: damine.best, request: "GET /damine/static/css/base.css HTTP/1.1", host: "damine.best"
2019/12/11 20:30:33 [error] 1497#1497: *46 open() "/usr/share/nginx/damine.best/damine/static/css/base.css" failed (13: Permission denied), client: 177.84.233.119, server: damine.best, request: "GET /damine/static/css/base.css HTTP/1.1", host: "damine.best"
2019/12/11 20:30:33 [error] 1497#1497: *46 open() "/usr/share/nginx/damine.best/damine/static/css/base.css" failed (13: Permission denied), client: 177.84.233.119, server: damine.best, request: "GET /damine/static/css/base.css HTTP/1.1", host: "damine.best"
2019/12/11 20:30:33 [error] 1497#1497: *46 open() "/usr/share/nginx/damine.best/damine/static/css/base.css" failed (13: Permission denied), client: 177.84.233.119, server: damine.best, request: "GET /damine/static/css/base.css HTTP/1.1", host: "damine.best"
2019/12/11 20:30:34 [error] 1497#1497: *46 open() "/usr/share/nginx/damine.best/damine/static/css/base.css" failed (13: Permission denied), client: 177.84.233.119, server: damine.best, request: "GET /damine/static/css/base.css HTTP/1.1", host: "damine.best"
2019/12/11 20:30:36 [error] 1497#1497: *46 open() "/usr/share/nginx/damine.best/damine/static/css/base.css" failed (13: Permission denied), client: 177.84.233.119, server: damine.best, request: "GET /damine/static/css/base.css HTTP/1.1", host: "damine.best", referrer: "http://damine.best/"
2019/12/11 20:30:36 [error] 1497#1497: *47 open() "/usr/share/nginx/damine.best/damine/static/css/skeleton.css" failed (13: Permission denied), client: 177.84.233.119, server: damine.best, request: "GET /damine/static/css/skeleton.css HTTP/1.1", host: "damine.best", referrer: "http://damine.best/"
2019/12/11 20:30:37 [error] 1497#1497: *48 open() "/usr/share/nginx/damine.best/damine/static/css/layout.css" failed (13: Permission denied), client: 177.84.233.119, server: damine.best, request: "GET /damine/static/css/layout.css HTTP/1.1", host: "damine.best", referrer: "http://damine.best/"
2019/12/11 20:30:37 [error] 1497#1497: *49 open() "/usr/share/nginx/damine.best/damine/static/img/profile.png" failed (13: Permission denied), client: 177.84.233.119, server: damine.best, request: "GET /damine/static/img/profile.png HTTP/1.1", host: "damine.best", referrer: "http://damine.best/"
2019/12/11 20:30:46 [error] 1497#1497: *49 open() "/usr/share/nginx/damine.best/damine/static/css/base.css" failed (13: Permission denied), client: 177.84.233.119, server: damine.best, request: "GET /damine/static/css/base.css HTTP/1.1", host: "damine.best", referrer: "http://damine.best/"
2019/12/11 20:30:46 [error] 1497#1497: *48 open() "/usr/share/nginx/damine.best/damine/static/css/skeleton.css" failed (13: Permission denied), client: 177.84.233.119, server: damine.best, request: "GET /damine/static/css/skeleton.css HTTP/1.1", host: "damine.best", referrer: "http://damine.best/"
2019/12/11 20:30:46 [error] 1497#1497: *47 open() "/usr/share/nginx/damine.best/damine/static/css/layout.css" failed (13: Permission denied), client: 177.84.233.119, server: damine.best, request: "GET /damine/static/css/layout.css HTTP/1.1", host: "damine.best", referrer: "http://damine.best/"
2019/12/11 20:30:46 [error] 1497#1497: *46 open() "/usr/share/nginx/damine.best/damine/static/img/profile.png" failed (13: Permission denied), client: 177.84.233.119, server: damine.best, request: "GET /damine/static/img/profile.png HTTP/1.1", host: "damine.best", referrer: "http://damine.best/"
2019/12/11 20:31:11 [error] 1497#1497: *46 open() "/usr/share/nginx/damine.best/damine/static/css/base.css" failed (13: Permission denied), client: 177.84.233.119, server: damine.best, request: "GET /damine/static/css/base.css HTTP/1.1", host: "damine.best", referrer: "http://damine.best/"
2019/12/11 20:31:11 [error] 1497#1497: *47 open() "/usr/share/nginx/damine.best/damine/static/css/skeleton.css" failed (13: Permission denied), client: 177.84.233.119, server: damine.best, request: "GET /damine/static/css/skeleton.css HTTP/1.1", host: "damine.best", referrer: "http://damine.best/"
2019/12/11 20:31:11 [error] 1497#1497: *48 open() "/usr/share/nginx/damine.best/damine/static/css/layout.css" failed (13: Permission denied), client: 177.84.233.119, server: damine.best, request: "GET /damine/static/css/layout.css HTTP/1.1", host: "damine.best", referrer: "http://damine.best/"
2019/12/11 20:31:11 [error] 1497#1497: *49 open() "/usr/share/nginx/damine.best/damine/static/img/profile.png" failed (13: Permission denied), client: 177.84.233.119, server: damine.best, request: "GET /damine/static/img/profile.png HTTP/1.1", host: "damine.best", referrer: "http://damine.best/"
2019/12/11 20:32:42 [error] 1497#1497: *48 open() "/usr/share/nginx/damine.best/damine/static/css/base.css" failed (13: Permission denied), client: 177.84.233.119, server: damine.best, request: "GET /damine/static/css/base.css HTTP/1.1", host: "damine.best"
2020/08/26 17:02:42 [error] 2308#2308: *29 open() "/usr/share/nginx/cv.damine.tn/favicon.ico" failed (2: No such file or directory), client: 172.68.25.147, server: cv.damine.tn, request: "GET /favicon.ico HTTP/1.1", host: "cv.damine.tn", referrer: "http://cv.damine.tn/"
2020/08/26 23:14:37 [error] 3392#3392: *180 "/usr/share/nginx/cv.damine.tn/solr/index.php" is not found (2: No such file or directory), client: 128.14.133.58, server: cv.damine.tn, request: "GET /solr/ HTTP/1.1", host: "161.97.106.0"
2020/08/27 13:57:25 [error] 3393#3393: *367 open() "/usr/share/nginx/cv.damine.tn/owa/auth/logon.aspx" failed (2: No such file or directory), client: 192.241.225.136, server: cv.damine.tn, request: "GET /owa/auth/logon.aspx?url=https%3a%2f%2f1%2fecp%2f HTTP/1.1", host: "161.97.106.0"
2020/08/27 22:26:09 [error] 3393#3393: *513 "/usr/share/nginx/cv.damine.tn/webfig/index.php" is not found (2: No such file or directory), client: 193.118.53.202, server: cv.damine.tn, request: "GET /webfig/ HTTP/1.1", host: "161.97.106.0"
2020/08/28 23:40:44 [error] 695#695: *66 open() "/usr/share/nginx/cv.damine.tn/login" failed (2: No such file or directory), client: 162.243.130.79, server: cv.damine.tn, request: "GET /login HTTP/1.1", host: "161.97.106.0"
2020/08/29 04:48:43 [error] 694#694: *85 open() "/usr/share/nginx/cv.damine.tn/owa/auth/logon.aspx" failed (2: No such file or directory), client: 192.241.220.50, server: cv.damine.tn, request: "GET /owa/auth/logon.aspx?url=https%3a%2f%2f1%2fecp%2f HTTP/1.1", host: "161.97.106.0"
2020/08/29 05:10:18 [error] 695#695: *89 open() "/usr/share/nginx/cv.damine.tn/api/v1" failed (2: No such file or directory), client: 172.104.246.227, server: cv.damine.tn, request: "GET /api/v1 HTTP/1.1", host: "161.97.106.0"
2020/08/29 07:30:45 [error] 695#695: *109 open() "/usr/share/nginx/cv.damine.tn/sitemap.xml" failed (2: No such file or directory), client: 193.37.255.114, server: cv.damine.tn, request: "GET /sitemap.xml HTTP/1.1", host: "161.97.106.0"
2020/08/29 07:30:45 [error] 695#695: *110 open() "/usr/share/nginx/cv.damine.tn/.well-known/security.txt" failed (2: No such file or directory), client: 193.37.255.114, server: cv.damine.tn, request: "GET /.well-known/security.txt HTTP/1.1", host: "161.97.106.0"
2020/08/30 02:37:00 [error] 694#694: *197 open() "/usr/share/nginx/cv.damine.tn/dns-query" failed (2: No such file or directory), client: 195.37.190.77, server: cv.damine.tn, request: "GET /dns-query?dns=AAABAAABAAAAAAAAA3d3dwdleGFtcGxlA2NvbQAAAQAB HTTP/1.1", host: "161.97.106.0"
2020/08/30 02:37:00 [error] 694#694: *198 open() "/usr/share/nginx/cv.damine.tn/dns-query" failed (2: No such file or directory), client: 195.37.190.77, server: cv.damine.tn, request: "POST /dns-query HTTP/1.1", host: "161.97.106.0"
2020/08/30 03:16:38 [error] 694#694: *204 open() "/usr/share/nginx/cv.damine.tn/xmlrpc.php" failed (2: No such file or directory), client: 162.158.165.152, server: cv.damine.tn, request: "GET /xmlrpc.php HTTP/1.1", host: "cv.damine.tn"
2020/08/30 03:16:41 [error] 694#694: *206 open() "/usr/share/nginx/cv.damine.tn/wordpress/xmlrpc.php" failed (2: No such file or directory), client: 172.69.134.205, server: cv.damine.tn, request: "GET /wordpress/xmlrpc.php HTTP/1.1", host: "cv.damine.tn"
2020/08/30 03:16:46 [error] 694#694: *208 open() "/usr/share/nginx/cv.damine.tn/blog/xmlrpc.php" failed (2: No such file or directory), client: 162.158.165.116, server: cv.damine.tn, request: "GET /blog/xmlrpc.php HTTP/1.1", host: "cv.damine.tn"
2020/08/30 03:16:49 [error] 694#694: *210 open() "/usr/share/nginx/cv.damine.tn/phpMyAdmin/index.php" failed (2: No such file or directory), client: 162.158.166.143, server: cv.damine.tn, request: "GET /phpMyAdmin/index.php HTTP/1.1", host: "cv.damine.tn"
2020/08/30 03:16:51 [error] 694#694: *212 open() "/usr/share/nginx/cv.damine.tn/pma/index.php" failed (2: No such file or directory), client: 162.158.166.249, server: cv.damine.tn, request: "GET /pma/index.php HTTP/1.1", host: "cv.damine.tn"
2020/08/30 03:16:53 [error] 694#694: *214 open() "/usr/share/nginx/cv.damine.tn/phpmyadmin/index.php" failed (2: No such file or directory), client: 172.68.146.168, server: cv.damine.tn, request: "GET /phpmyadmin/index.php HTTP/1.1", host: "cv.damine.tn"
2020/08/30 04:54:36 [error] 694#694: *226 open() "/usr/share/nginx/cv.damine.tn/owa/auth/logon.aspx" failed (2: No such file or directory), client: 192.241.227.149, server: cv.damine.tn, request: "GET /owa/auth/logon.aspx?url=https%3a%2f%2f1%2fecp%2f HTTP/1.1", host: "161.97.106.0"
2020/08/31 06:41:09 [error] 694#694: *357 open() "/usr/share/nginx/cv.damine.tn/owa/auth/logon.aspx" failed (2: No such file or directory), client: 162.243.129.99, server: cv.damine.tn, request: "GET /owa/auth/logon.aspx?url=https%3a%2f%2f1%2fecp%2f HTTP/1.1", host: "161.97.106.0"
2020/08/31 16:41:01 [error] 694#694: *433 open() "/usr/share/nginx/cv.damine.tn/sitemap.xml" failed (2: No such file or directory), client: 71.6.158.166, server: cv.damine.tn, request: "GET /sitemap.xml HTTP/1.1", host: "161.97.106.0"
2020/08/31 16:41:03 [error] 694#694: *434 open() "/usr/share/nginx/cv.damine.tn/.well-known/security.txt" failed (2: No such file or directory), client: 71.6.158.166, server: cv.damine.tn, request: "GET /.well-known/security.txt HTTP/1.1", host: "161.97.106.0"
2020/09/01 05:59:49 [error] 695#695: *756 open() "/usr/share/nginx/cv.damine.tn/epa/scripts/win/nsepa_setup.exe" failed (2: No such file or directory), client: 34.213.116.120, server: cv.damine.tn, request: "HEAD /epa/scripts/win/nsepa_setup.exe HTTP/1.1", host: "161.97.106.0:443"
2020/09/01 06:42:10 [error] 695#695: *757 open() "/usr/share/nginx/cv.damine.tn/owa/auth/logon.aspx" failed (2: No such file or directory), client: 192.241.229.54, server: cv.damine.tn, request: "GET /owa/auth/logon.aspx?url=https%3a%2f%2f1%2fecp%2f HTTP/1.1", host: "161.97.106.0"
2020/09/01 15:53:53 [error] 694#694: *818 open() "/usr/share/nginx/cv.damine.tn/sitemap.xml" failed (2: No such file or directory), client: 94.102.49.193, server: cv.damine.tn, request: "GET /sitemap.xml HTTP/1.1", host: "161.97.106.0"
2020/09/01 15:53:53 [error] 694#694: *819 open() "/usr/share/nginx/cv.damine.tn/.well-known/security.txt" failed (2: No such file or directory), client: 94.102.49.193, server: cv.damine.tn, request: "GET /.well-known/security.txt HTTP/1.1", host: "161.97.106.0"
2020/09/02 09:35:15 [error] 695#695: *939 open() "/usr/share/nginx/cv.damine.tn/owa/auth/logon.aspx" failed (2: No such file or directory), client: 192.241.229.60, server: cv.damine.tn, request: "GET /owa/auth/logon.aspx?url=https%3a%2f%2f1%2fecp%2f HTTP/1.1", host: "161.97.106.0"
2020/09/02 16:17:57 [error] 694#694: *988 open() "/usr/share/nginx/cv.damine.tn/sitemap.xml" failed (2: No such file or directory), client: 71.6.199.23, server: cv.damine.tn, request: "GET /sitemap.xml HTTP/1.1", host: "161.97.106.0"
2020/09/02 16:17:58 [error] 694#694: *989 open() "/usr/share/nginx/cv.damine.tn/.well-known/security.txt" failed (2: No such file or directory), client: 71.6.199.23, server: cv.damine.tn, request: "GET /.well-known/security.txt HTTP/1.1", host: "161.97.106.0"
2020/09/02 20:04:19 [error] 695#695: *1026 "/usr/share/nginx/cv.damine.tn/HNAP1/index.php" is not found (2: No such file or directory), client: 185.141.232.20, server: cv.damine.tn, request: "GET /HNAP1/ HTTP/1.1", host: "161.97.106.0", referrer: "https://161.97.106.0/"
2020/09/02 20:17:44 [error] 695#695: *1031 open() "/usr/share/nginx/cv.damine.tn/wp-includes/wlwmanifest.xml" failed (2: No such file or directory), client: 162.158.62.75, server: cv.damine.tn, request: "GET //wp-includes/wlwmanifest.xml HTTP/1.1", host: "cv.damine.tn"
2020/09/02 20:17:44 [error] 695#695: *1034 open() "/usr/share/nginx/cv.damine.tn/xmlrpc.php" failed (2: No such file or directory), client: 162.158.62.75, server: cv.damine.tn, request: "GET //xmlrpc.php?rsd HTTP/1.1", host: "cv.damine.tn"
2020/09/02 20:17:45 [error] 695#695: *1036 open() "/usr/share/nginx/cv.damine.tn/blog/wp-includes/wlwmanifest.xml" failed (2: No such file or directory), client: 162.158.62.75, server: cv.damine.tn, request: "GET //blog/wp-includes/wlwmanifest.xml HTTP/1.1", host: "cv.damine.tn"
2020/09/02 20:17:45 [error] 695#695: *1031 open() "/usr/share/nginx/cv.damine.tn/web/wp-includes/wlwmanifest.xml" failed (2: No such file or directory), client: 162.158.62.75, server: cv.damine.tn, request: "GET //web/wp-includes/wlwmanifest.xml HTTP/1.1", host: "cv.damine.tn"
2020/09/02 20:17:45 [error] 695#695: *1030 open() "/usr/share/nginx/cv.damine.tn/wordpress/wp-includes/wlwmanifest.xml" failed (2: No such file or directory), client: 162.158.62.75, server: cv.damine.tn, request: "GET //wordpress/wp-includes/wlwmanifest.xml HTTP/1.1", host: "cv.damine.tn"
2020/09/02 20:17:45 [error] 695#695: *1036 open() "/usr/share/nginx/cv.damine.tn/website/wp-includes/wlwmanifest.xml" failed (2: No such file or directory), client: 162.158.62.75, server: cv.damine.tn, request: "GET //website/wp-includes/wlwmanifest.xml HTTP/1.1", host: "cv.damine.tn"
2020/09/02 20:17:45 [error] 695#695: *1038 open() "/usr/share/nginx/cv.damine.tn/wp/wp-includes/wlwmanifest.xml" failed (2: No such file or directory), client: 162.158.62.75, server: cv.damine.tn, request: "GET //wp/wp-includes/wlwmanifest.xml HTTP/1.1", host: "cv.damine.tn"
2020/09/02 20:17:46 [error] 695#695: *1038 open() "/usr/share/nginx/cv.damine.tn/news/wp-includes/wlwmanifest.xml" failed (2: No such file or directory), client: 162.158.62.75, server: cv.damine.tn, request: "GET //news/wp-includes/wlwmanifest.xml HTTP/1.1", host: "cv.damine.tn"
2020/09/02 20:17:46 [error] 695#695: *1034 open() "/usr/share/nginx/cv.damine.tn/2018/wp-includes/wlwmanifest.xml" failed (2: No such file or directory), client: 162.158.62.75, server: cv.damine.tn, request: "GET //2018/wp-includes/wlwmanifest.xml HTTP/1.1", host: "cv.damine.tn"
2020/09/02 20:17:46 [error] 695#695: *1036 open() "/usr/share/nginx/cv.damine.tn/2019/wp-includes/wlwmanifest.xml" failed (2: No such file or directory), client: 162.158.62.75, server: cv.damine.tn, request: "GET //2019/wp-includes/wlwmanifest.xml HTTP/1.1", host: "cv.damine.tn"
2020/09/02 20:17:46 [error] 695#695: *1040 open() "/usr/share/nginx/cv.damine.tn/shop/wp-includes/wlwmanifest.xml" failed (2: No such file or directory), client: 162.158.62.75, server: cv.damine.tn, request: "GET //shop/wp-includes/wlwmanifest.xml HTTP/1.1", host: "cv.damine.tn"
2020/09/02 20:17:46 [error] 695#695: *1036 open() "/usr/share/nginx/cv.damine.tn/wp1/wp-includes/wlwmanifest.xml" failed (2: No such file or directory), client: 162.158.62.75, server: cv.damine.tn, request: "GET //wp1/wp-includes/wlwmanifest.xml HTTP/1.1", host: "cv.damine.tn"
2020/09/02 20:17:47 [error] 695#695: *1042 open() "/usr/share/nginx/cv.damine.tn/test/wp-includes/wlwmanifest.xml" failed (2: No such file or directory), client: 162.158.62.75, server: cv.damine.tn, request: "GET //test/wp-includes/wlwmanifest.xml HTTP/1.1", host: "cv.damine.tn"
2020/09/02 20:17:47 [error] 695#695: *1043 open() "/usr/share/nginx/cv.damine.tn/media/wp-includes/wlwmanifest.xml" failed (2: No such file or directory), client: 162.158.62.75, server: cv.damine.tn, request: "GET //media/wp-includes/wlwmanifest.xml HTTP/1.1", host: "cv.damine.tn"
2020/09/02 20:17:47 [error] 695#695: *1036 open() "/usr/share/nginx/cv.damine.tn/wp2/wp-includes/wlwmanifest.xml" failed (2: No such file or directory), client: 162.158.62.75, server: cv.damine.tn, request: "GET //wp2/wp-includes/wlwmanifest.xml HTTP/1.1", host: "cv.damine.tn"
2020/09/02 20:17:47 [error] 695#695: *1042 open() "/usr/share/nginx/cv.damine.tn/site/wp-includes/wlwmanifest.xml" failed (2: No such file or directory), client: 162.158.62.75, server: cv.damine.tn, request: "GET //site/wp-includes/wlwmanifest.xml HTTP/1.1", host: "cv.damine.tn"
2020/09/02 20:17:48 [error] 695#695: *1038 open() "/usr/share/nginx/cv.damine.tn/cms/wp-includes/wlwmanifest.xml" failed (2: No such file or directory), client: 162.158.62.75, server: cv.damine.tn, request: "GET //cms/wp-includes/wlwmanifest.xml HTTP/1.1", host: "cv.damine.tn"
2020/09/02 20:17:48 [error] 695#695: *1040 open() "/usr/share/nginx/cv.damine.tn/sito/wp-includes/wlwmanifest.xml" failed (2: No such file or directory), client: 162.158.62.75, server: cv.damine.tn, request: "GET //sito/wp-includes/wlwmanifest.xml HTTP/1.1", host: "cv.damine.tn"
2020/09/02 20:39:55 [error] 695#695: *1050 open() "/usr/share/nginx/cv.damine.tn/wp-login.php" failed (2: No such file or directory), client: 162.158.154.23, server: cv.damine.tn, request: "GET /wp-login.php HTTP/1.1", host: "bbb.damine.tn"
2020/09/03 10:54:13 [error] 695#695: *1194 open() "/usr/share/nginx/cv.damine.tn/owa/auth/logon.aspx" failed (2: No such file or directory), client: 192.241.222.110, server: cv.damine.tn, request: "GET /owa/auth/logon.aspx?url=https%3a%2f%2f1%2fecp%2f HTTP/1.1", host: "161.97.106.0"
2020/09/04 18:57:43 [error] 694#694: *1447 open() "/usr/share/nginx/cv.damine.tn/owa/auth/logon.aspx" failed (2: No such file or directory), client: 192.241.229.143, server: cv.damine.tn, request: "GET /owa/auth/logon.aspx?url=https%3a%2f%2f1%2fecp%2f HTTP/1.1", host: "161.97.106.0"
2020/09/04 23:51:37 [error] 694#694: *1481 open() "/usr/share/nginx/cv.damine.tn/login" failed (2: No such file or directory), client: 192.241.235.84, server: cv.damine.tn, request: "GET /login HTTP/1.1", host: "161.97.106.0"
2020/09/06 00:29:59 [error] 694#694: *1831 open() "/usr/share/nginx/cv.damine.tn/favicon.ico" failed (2: No such file or directory), client: 64.225.73.49, server: cv.damine.tn, request: "GET /favicon.ico HTTP/1.1", host: "161.97.106.0"
2020/09/06 05:08:51 [error] 695#695: *1868 open() "/usr/share/nginx/cv.damine.tn/owa/auth/logon.aspx" failed (2: No such file or directory), client: 192.241.239.200, server: cv.damine.tn, request: "GET /owa/auth/logon.aspx?url=https%3a%2f%2f1%2fecp%2f HTTP/1.1", host: "161.97.106.0"
2020/09/06 05:51:56 [error] 695#695: *1877 open() "/usr/share/nginx/cv.damine.tn/ajax" failed (2: No such file or directory), client: 172.105.89.161, server: cv.damine.tn, request: "POST /ajax HTTP/1.1", host: "161.97.106.0"
2020/09/06 09:30:22 [error] 694#694: *1903 open() "/usr/share/nginx/cv.damine.tn/cgi-bin/config.exp" failed (2: No such file or directory), client: 193.118.53.202, server: cv.damine.tn, request: "GET /cgi-bin/config.exp HTTP/1.1", host: "161.97.106.0"
2020/09/07 06:19:37 [error] 695#695: *2048 open() "/usr/share/nginx/cv.damine.tn/owa/auth/logon.aspx" failed (2: No such file or directory), client: 192.241.237.111, server: cv.damine.tn, request: "GET /owa/auth/logon.aspx?url=https%3a%2f%2f1%2fecp%2f HTTP/1.1", host: "161.97.106.0"
2020/09/07 15:30:13 [error] 694#694: *2123 "/usr/share/nginx/cv.damine.tn/wp-json/index.php" is not found (2: No such file or directory), client: 35.164.181.152, server: cv.damine.tn, request: "GET /wp-json/ HTTP/1.1", host: "161.97.106.0:443"
2020/09/08 03:01:10 [error] 695#695: *2231 open() "/usr/share/nginx/cv.damine.tn/Telerik.Web.UI.WebResource.axd" failed (2: No such file or directory), client: 128.14.134.170, server: cv.damine.tn, request: "GET /Telerik.Web.UI.WebResource.axd?type=rau HTTP/1.1", host: "161.97.106.0"
2020/09/08 09:33:20 [error] 695#695: *2286 open() "/usr/share/nginx/cv.damine.tn/owa/auth/logon.aspx" failed (2: No such file or directory), client: 192.241.232.115, server: cv.damine.tn, request: "GET /owa/auth/logon.aspx?url=https%3a%2f%2f1%2fecp%2f HTTP/1.1", host: "161.97.106.0"
2020/09/08 11:04:39 [error] 694#694: *2302 open() "/usr/share/nginx/cv.damine.tn/remote/login" failed (2: No such file or directory), client: 193.118.53.210, server: cv.damine.tn, request: "GET /remote/login HTTP/1.1", host: "161.97.106.0"
2020/09/08 13:44:56 [error] 694#694: *2317 open() "/usr/share/nginx/cv.damine.tn/wp-content/plugins/wp-file-manager/lib/php/connector.minimal.php" failed (2: No such file or directory), client: 141.101.107.164, server: cv.damine.tn, request: "POST /wp-content/plugins/wp-file-manager/lib/php/connector.minimal.php HTTP/1.1", host: "bbb.damine.tn"
2020/09/08 13:45:31 [error] 694#694: *2318 open() "/usr/share/nginx/cv.damine.tn/wp-content/plugins/wp-file-manager/lib/files/xxx.php" failed (2: No such file or directory), client: 141.101.69.85, server: cv.damine.tn, request: "GET /wp-content/plugins/wp-file-manager/lib/files/xxx.php HTTP/1.1", host: "bbb.damine.tn"
2020/09/08 13:45:52 [error] 694#694: *2319 open() "/usr/share/nginx/cv.damine.tn/wp-content/plugins/wp-file-manager/lib/php/connector.minimal.php" failed (2: No such file or directory), client: 162.158.159.118, server: cv.damine.tn, request: "POST /wp-content/plugins/wp-file-manager/lib/php/connector.minimal.php HTTP/1.1", host: "bbb.damine.tn"
2020/09/08 13:46:15 [error] 694#694: *2320 open() "/usr/share/nginx/cv.damine.tn/wp-content/plugins/wp-file-manager/lib/files/x.php" failed (2: No such file or directory), client: 108.162.229.76, server: cv.damine.tn, request: "GET /wp-content/plugins/wp-file-manager/lib/files/x.php?cmd=whoami HTTP/1.1", host: "bbb.damine.tn"
2020/09/08 13:57:56 [error] 694#694: *2325 open() "/usr/share/nginx/cv.damine.tn/wp-content/plugins/wp-file-manager/lib/php/connector.minimal.php" failed (2: No such file or directory), client: 141.101.77.18, server: cv.damine.tn, request: "POST /wp-content/plugins/wp-file-manager/lib/php/connector.minimal.php HTTP/1.1", host: "bbb23.damine.tn"
2020/09/08 13:58:18 [error] 694#694: *2326 open() "/usr/share/nginx/cv.damine.tn/wp-content/plugins/wp-file-manager/lib/files/xxx.php" failed (2: No such file or directory), client: 141.101.105.100, server: cv.damine.tn, request: "GET /wp-content/plugins/wp-file-manager/lib/files/xxx.php HTTP/1.1", host: "bbb23.damine.tn"
2020/09/08 13:58:38 [error] 694#694: *2327 open() "/usr/share/nginx/cv.damine.tn/wp-content/plugins/wp-file-manager/lib/php/connector.minimal.php" failed (2: No such file or directory), client: 141.101.104.65, server: cv.damine.tn, request: "POST /wp-content/plugins/wp-file-manager/lib/php/connector.minimal.php HTTP/1.1", host: "bbb23.damine.tn"
2020/09/08 13:59:02 [error] 694#694: *2328 open() "/usr/share/nginx/cv.damine.tn/wp-content/plugins/wp-file-manager/lib/files/x.php" failed (2: No such file or directory), client: 172.69.54.61, server: cv.damine.tn, request: "GET /wp-content/plugins/wp-file-manager/lib/files/x.php?cmd=whoami HTTP/1.1", host: "bbb23.damine.tn"
2020/09/08 20:27:16 [error] 694#694: *2392 open() "/usr/share/nginx/cv.damine.tn/ajax" failed (2: No such file or directory), client: 172.105.89.161, server: cv.damine.tn, request: "POST /ajax HTTP/1.1", host: "161.97.106.0"
2020/09/09 11:20:37 [error] 694#694: *2510 open() "/usr/share/nginx/cv.damine.tn/owa/auth/logon.aspx" failed (2: No such file or directory), client: 192.241.229.166, server: cv.damine.tn, request: "GET /owa/auth/logon.aspx?url=https%3a%2f%2f1%2fecp%2f HTTP/1.1", host: "161.97.106.0"
2020/09/09 11:39:07 [error] 694#694: *2514 open() "/usr/share/nginx/cv.damine.tn/v/gm2qdt-wnmm2zgg" failed (2: No such file or directory), client: 213.202.225.115, server: cv.damine.tn, request: "GET /v/gm2qdt-wnmm2zgg HTTP/1.1", host: "linkgratis.xyz"
2020/09/10 02:19:48 [error] 695#695: *2664 "/usr/share/nginx/cv.damine.tn/solr/index.php" is not found (2: No such file or directory), client: 193.118.53.202, server: cv.damine.tn, request: "GET /solr/ HTTP/1.1", host: "161.97.106.0"
2020/09/10 11:53:58 [error] 694#694: *2745 open() "/usr/share/nginx/cv.damine.tn/owa/auth/logon.aspx" failed (2: No such file or directory), client: 192.241.225.94, server: cv.damine.tn, request: "GET /owa/auth/logon.aspx?url=https%3a%2f%2f1%2fecp%2f HTTP/1.1", host: "161.97.106.0"
2020/09/10 14:13:51 [crit] 694#694: *2765 SSL_do_handshake() failed (SSL: error:14094085:SSL routines:ssl3_read_bytes:ccs received early) while SSL handshaking, client: 167.71.212.202, server: 0.0.0.0:443
2020/09/10 21:30:06 [error] 694#694: *3375 "/usr/share/nginx/cv.damine.tn/webfig/index.php" is not found (2: No such file or directory), client: 128.14.134.170, server: cv.damine.tn, request: "GET /webfig/ HTTP/1.1", host: "161.97.106.0"
2020/09/11 14:26:57 [error] 694#694: *3615 open() "/usr/share/nginx/cv.damine.tn/ajax" failed (2: No such file or directory), client: 172.105.89.161, server: cv.damine.tn, request: "POST /ajax HTTP/1.1", host: "161.97.106.0"
2020/09/11 23:56:12 [error] 694#694: *3676 open() "/usr/share/nginx/cv.damine.tn/login" failed (2: No such file or directory), client: 192.241.228.213, server: cv.damine.tn, request: "GET /login HTTP/1.1", host: "161.97.106.0"
2020/09/12 08:48:00 [error] 694#694: *3720 open() "/usr/share/nginx/cv.damine.tn/owa/auth/logon.aspx" failed (2: No such file or directory), client: 192.241.227.99, server: cv.damine.tn, request: "GET /owa/auth/logon.aspx?url=https%3a%2f%2f1%2fecp%2f HTTP/1.1", host: "161.97.106.0"
2020/09/12 12:25:34 [error] 695#695: *4883 open() "/usr/share/nginx/cv.damine.tn/GponForm/diag_Form" failed (2: No such file or directory), client: 45.84.196.63, server: cv.damine.tn, request: "POST /GponForm/diag_Form?style/ HTTP/1.1", host: "192.168.0.1:443"
2020/09/13 04:59:59 [error] 694#694: *6340 open() "/usr/share/nginx/cv.damine.tn/dns-query" failed (2: No such file or directory), client: 195.37.190.77, server: cv.damine.tn, request: "GET /dns-query?dns=AAABAAABAAAAAAAAA3d3dwdleGFtcGxlA2NvbQAAAQAB HTTP/1.1", host: "161.97.106.0"
2020/09/13 05:00:00 [error] 694#694: *6341 open() "/usr/share/nginx/cv.damine.tn/dns-query" failed (2: No such file or directory), client: 195.37.190.77, server: cv.damine.tn, request: "POST /dns-query HTTP/1.1", host: "161.97.106.0"
2020/09/13 08:55:13 [error] 695#695: *6368 open() "/usr/share/nginx/cv.damine.tn/owa/auth/logon.aspx" failed (2: No such file or directory), client: 192.241.224.53, server: cv.damine.tn, request: "GET /owa/auth/logon.aspx?url=https%3a%2f%2f1%2fecp%2f HTTP/1.1", host: "161.97.106.0"
2020/09/14 05:41:42 [error] 695#695: *6469 open() "/usr/share/nginx/cv.damine.tn/wp-content/plugins/wp-file-manager/lib/php/connector.minimal.php" failed (2: No such file or directory), client: 37.59.47.61, server: cv.damine.tn, request: "POST ///wp-content/plugins/wp-file-manager/lib/php/connector.minimal.php HTTP/1.1", host: "ts.damine.tn"
2020/09/14 05:41:57 [error] 695#695: *6470 open() "/usr/share/nginx/cv.damine.tn/wp-content/plugins/wp-file-manager/lib/files/admin.php" failed (2: No such file or directory), client: 37.59.47.61, server: cv.damine.tn, request: "GET ///wp-content/plugins/wp-file-manager/lib/files/admin.php HTTP/1.1", host: "ts.damine.tn"
2020/09/14 05:42:03 [error] 695#695: *6471 open() "/usr/share/nginx/cv.damine.tn/wp-content/plugins/wp-file-manager/lib/php/connector.minimal.php" failed (2: No such file or directory), client: 37.59.47.61, server: cv.damine.tn, request: "POST //wp-content/plugins/wp-file-manager/lib/php/connector.minimal.php HTTP/1.1", host: "ts.damine.tn"
2020/09/14 05:42:11 [error] 695#695: *6472 open() "/usr/share/nginx/cv.damine.tn/wp/wp-content/plugins/wp-file-manager/lib/php/connector.minimal.php" failed (2: No such file or directory), client: 37.59.47.61, server: cv.damine.tn, request: "POST //wp///wp-content/plugins/wp-file-manager/lib/php/connector.minimal.php HTTP/1.1", host: "ts.damine.tn"
2020/09/14 05:42:23 [error] 695#695: *6473 open() "/usr/share/nginx/cv.damine.tn/wp/wp-content/plugins/wp-file-manager/lib/files/admin.php" failed (2: No such file or directory), client: 37.59.47.61, server: cv.damine.tn, request: "GET //wp///wp-content/plugins/wp-file-manager/lib/files/admin.php HTTP/1.1", host: "ts.damine.tn"
2020/09/14 05:42:30 [error] 695#695: *6474 open() "/usr/share/nginx/cv.damine.tn/wp/wp-content/plugins/wp-file-manager/lib/php/connector.minimal.php" failed (2: No such file or directory), client: 37.59.47.61, server: cv.damine.tn, request: "POST //wp//wp-content/plugins/wp-file-manager/lib/php/connector.minimal.php HTTP/1.1", host: "ts.damine.tn"
2020/09/14 05:42:37 [error] 695#695: *6475 open() "/usr/share/nginx/cv.damine.tn/wordpress/wp-content/plugins/wp-file-manager/lib/php/connector.minimal.php" failed (2: No such file or directory), client: 37.59.47.61, server: cv.damine.tn, request: "POST //wordpress///wp-content/plugins/wp-file-manager/lib/php/connector.minimal.php HTTP/1.1", host: "ts.damine.tn"
2020/09/14 05:42:51 [error] 695#695: *6476 open() "/usr/share/nginx/cv.damine.tn/wordpress/wp-content/plugins/wp-file-manager/lib/files/admin.php" failed (2: No such file or directory), client: 37.59.47.61, server: cv.damine.tn, request: "GET //wordpress///wp-content/plugins/wp-file-manager/lib/files/admin.php HTTP/1.1", host: "ts.damine.tn"
2020/09/14 05:43:07 [error] 695#695: *6477 open() "/usr/share/nginx/cv.damine.tn/wordpress/wp-content/plugins/wp-file-manager/lib/php/connector.minimal.php" failed (2: No such file or directory), client: 37.59.47.61, server: cv.damine.tn, request: "POST //wordpress//wp-content/plugins/wp-file-manager/lib/php/connector.minimal.php HTTP/1.1", host: "ts.damine.tn"
2020/09/14 05:43:12 [error] 695#695: *6478 open() "/usr/share/nginx/cv.damine.tn/blog/wp-content/plugins/wp-file-manager/lib/php/connector.minimal.php" failed (2: No such file or directory), client: 37.59.47.61, server: cv.damine.tn, request: "POST //blog///wp-content/plugins/wp-file-manager/lib/php/connector.minimal.php HTTP/1.1", host: "ts.damine.tn"
2020/09/14 05:43:19 [error] 695#695: *6479 open() "/usr/share/nginx/cv.damine.tn/blog/wp-content/plugins/wp-file-manager/lib/files/admin.php" failed (2: No such file or directory), client: 37.59.47.61, server: cv.damine.tn, request: "GET //blog///wp-content/plugins/wp-file-manager/lib/files/admin.php HTTP/1.1", host: "ts.damine.tn"
2020/09/14 05:43:24 [error] 695#695: *6480 open() "/usr/share/nginx/cv.damine.tn/blog/wp-content/plugins/wp-file-manager/lib/php/connector.minimal.php" failed (2: No such file or directory), client: 37.59.47.61, server: cv.damine.tn, request: "POST //blog//wp-content/plugins/wp-file-manager/lib/php/connector.minimal.php HTTP/1.1", host: "ts.damine.tn"
2020/09/14 05:43:32 [error] 695#695: *6481 open() "/usr/share/nginx/cv.damine.tn/home/wp-content/plugins/wp-file-manager/lib/php/connector.minimal.php" failed (2: No such file or directory), client: 37.59.47.61, server: cv.damine.tn, request: "POST //home///wp-content/plugins/wp-file-manager/lib/php/connector.minimal.php HTTP/1.1", host: "ts.damine.tn"
2020/09/14 05:43:38 [error] 695#695: *6482 open() "/usr/share/nginx/cv.damine.tn/home/wp-content/plugins/wp-file-manager/lib/files/admin.php" failed (2: No such file or directory), client: 37.59.47.61, server: cv.damine.tn, request: "GET //home///wp-content/plugins/wp-file-manager/lib/files/admin.php HTTP/1.1", host: "ts.damine.tn"
2020/09/14 05:43:53 [error] 695#695: *6483 open() "/usr/share/nginx/cv.damine.tn/home/wp-content/plugins/wp-file-manager/lib/php/connector.minimal.php" failed (2: No such file or directory), client: 37.59.47.61, server: cv.damine.tn, request: "POST //home//wp-content/plugins/wp-file-manager/lib/php/connector.minimal.php HTTP/1.1", host: "ts.damine.tn"
2020/09/14 05:44:02 [error] 695#695: *6484 open() "/usr/share/nginx/cv.damine.tn/new/wp-content/plugins/wp-file-manager/lib/php/connector.minimal.php" failed (2: No such file or directory), client: 37.59.47.61, server: cv.damine.tn, request: "POST //new///wp-content/plugins/wp-file-manager/lib/php/connector.minimal.php HTTP/1.1", host: "ts.damine.tn"
2020/09/14 05:44:08 [error] 695#695: *6485 open() "/usr/share/nginx/cv.damine.tn/new/wp-content/plugins/wp-file-manager/lib/files/admin.php" failed (2: No such file or directory), client: 37.59.47.61, server: cv.damine.tn, request: "GET //new///wp-content/plugins/wp-file-manager/lib/files/admin.php HTTP/1.1", host: "ts.damine.tn"
2020/09/14 05:44:14 [error] 695#695: *6486 open() "/usr/share/nginx/cv.damine.tn/new/wp-content/plugins/wp-file-manager/lib/php/connector.minimal.php" failed (2: No such file or directory), client: 37.59.47.61, server: cv.damine.tn, request: "POST //new//wp-content/plugins/wp-file-manager/lib/php/connector.minimal.php HTTP/1.1", host: "ts.damine.tn"
2020/09/14 05:44:25 [error] 695#695: *6487 open() "/usr/share/nginx/cv.damine.tn/old/wp-content/plugins/wp-file-manager/lib/php/connector.minimal.php" failed (2: No such file or directory), client: 37.59.47.61, server: cv.damine.tn, request: "POST //old///wp-content/plugins/wp-file-manager/lib/php/connector.minimal.php HTTP/1.1", host: "ts.damine.tn"
2020/09/14 05:44:34 [error] 695#695: *6488 open() "/usr/share/nginx/cv.damine.tn/old/wp-content/plugins/wp-file-manager/lib/files/admin.php" failed (2: No such file or directory), client: 37.59.47.61, server: cv.damine.tn, request: "GET //old///wp-content/plugins/wp-file-manager/lib/files/admin.php HTTP/1.1", host: "ts.damine.tn"
2020/09/14 05:44:42 [error] 695#695: *6489 open() "/usr/share/nginx/cv.damine.tn/old/wp-content/plugins/wp-file-manager/lib/php/connector.minimal.php" failed (2: No such file or directory), client: 37.59.47.61, server: cv.damine.tn, request: "POST //old//wp-content/plugins/wp-file-manager/lib/php/connector.minimal.php HTTP/1.1", host: "ts.damine.tn"
2020/09/14 05:44:51 [error] 695#695: *6490 open() "/usr/share/nginx/cv.damine.tn/demo/wp-content/plugins/wp-file-manager/lib/php/connector.minimal.php" failed (2: No such file or directory), client: 37.59.47.61, server: cv.damine.tn, request: "POST //demo///wp-content/plugins/wp-file-manager/lib/php/connector.minimal.php HTTP/1.1", host: "ts.damine.tn"
2020/09/14 05:44:56 [error] 695#695: *6491 open() "/usr/share/nginx/cv.damine.tn/demo/wp-content/plugins/wp-file-manager/lib/files/admin.php" failed (2: No such file or directory), client: 37.59.47.61, server: cv.damine.tn, request: "GET //demo///wp-content/plugins/wp-file-manager/lib/files/admin.php HTTP/1.1", host: "ts.damine.tn"
2020/09/14 05:45:00 [error] 695#695: *6492 open() "/usr/share/nginx/cv.damine.tn/demo/wp-content/plugins/wp-file-manager/lib/php/connector.minimal.php" failed (2: No such file or directory), client: 37.59.47.61, server: cv.damine.tn, request: "POST //demo//wp-content/plugins/wp-file-manager/lib/php/connector.minimal.php HTTP/1.1", host: "ts.damine.tn"
2020/09/14 05:45:11 [error] 695#695: *6493 open() "/usr/share/nginx/cv.damine.tn/2020/wp-content/plugins/wp-file-manager/lib/php/connector.minimal.php" failed (2: No such file or directory), client: 37.59.47.61, server: cv.damine.tn, request: "POST //2020///wp-content/plugins/wp-file-manager/lib/php/connector.minimal.php HTTP/1.1", host: "ts.damine.tn"
2020/09/14 05:45:20 [error] 695#695: *6494 open() "/usr/share/nginx/cv.damine.tn/2020/wp-content/plugins/wp-file-manager/lib/files/admin.php" failed (2: No such file or directory), client: 37.59.47.61, server: cv.damine.tn, request: "GET //2020///wp-content/plugins/wp-file-manager/lib/files/admin.php HTTP/1.1", host: "ts.damine.tn"
2020/09/14 05:45:26 [error] 695#695: *6495 open() "/usr/share/nginx/cv.damine.tn/2020/wp-content/plugins/wp-file-manager/lib/php/connector.minimal.php" failed (2: No such file or directory), client: 37.59.47.61, server: cv.damine.tn, request: "POST //2020//wp-content/plugins/wp-file-manager/lib/php/connector.minimal.php HTTP/1.1", host: "ts.damine.tn"
2020/09/14 11:11:43 [error] 695#695: *6661 open() "/usr/share/nginx/cv.damine.tn/ajax" failed (2: No such file or directory), client: 172.105.89.161, server: cv.damine.tn, request: "POST /ajax HTTP/1.1", host: "161.97.106.0"
2020/09/14 13:07:54 [error] 695#695: *6670 open() "/usr/share/nginx/cv.damine.tn/owa/auth/logon.aspx" failed (2: No such file or directory), client: 192.241.226.32, server: cv.damine.tn, request: "GET /owa/auth/logon.aspx?url=https%3a%2f%2f1%2fecp%2f HTTP/1.1", host: "161.97.106.0"
2020/09/15 00:05:42 [error] 694#694: *6876 open() "/usr/share/nginx/cv.damine.tn/.env" failed (2: No such file or directory), client: 173.255.216.24, server: cv.damine.tn, request: "GET /.env HTTP/1.1", host: "161.97.106.0"
2020/09/15 03:54:26 [error] 694#694: *6890 open() "/usr/share/nginx/cv.damine.tn/wp-login.php" failed (2: No such file or directory), client: 192.95.30.65, server: cv.damine.tn, request: "GET //wp-login.php HTTP/1.1", host: "support.damine.tn", referrer: "http://www.google.com.hk"
2020/09/15 08:10:03 [error] 694#694: *6915 open() "/usr/share/nginx/cv.damine.tn/wp-login.php" failed (2: No such file or directory), client: 188.165.211.206, server: cv.damine.tn, request: "GET //wp-login.php HTTP/1.1", host: "dev.damine.tn", referrer: "http://www.google.com.hk"
2020/09/15 11:57:31 [error] 694#694: *6945 open() "/usr/share/nginx/cv.damine.tn/nmaplowercheck1600163845" failed (2: No such file or directory), client: 185.100.87.250, server: cv.damine.tn, request: "GET /nmaplowercheck1600163845 HTTP/1.1", host: "161.97.106.0"
2020/09/15 11:57:31 [error] 694#694: *6946 open() "/usr/share/nginx/cv.damine.tn/HNAP1" failed (2: No such file or directory), client: 185.100.87.250, server: cv.damine.tn, request: "GET /HNAP1 HTTP/1.1", host: "161.97.106.0"
2020/09/15 11:57:31 [error] 694#694: *6947 open() "/usr/share/nginx/cv.damine.tn/evox/about" failed (2: No such file or directory), client: 185.100.87.250, server: cv.damine.tn, request: "GET /evox/about HTTP/1.1", host: "161.97.106.0"
2020/09/15 11:57:33 [error] 694#694: *6948 open() "/usr/share/nginx/cv.damine.tn/sdk" failed (2: No such file or directory), client: 185.100.87.250, server: cv.damine.tn, request: "POST /sdk HTTP/1.1", host: "161.97.106.0"
2020/09/15 17:11:06 [error] 695#695: *6973 open() "/usr/share/nginx/cv.damine.tn/owa/auth/logon.aspx" failed (2: No such file or directory), client: 192.241.194.60, server: cv.damine.tn, request: "GET /owa/auth/logon.aspx?url=https%3a%2f%2f1%2fecp%2f HTTP/1.1", host: "161.97.106.0"
2020/09/16 03:49:14 [error] 695#695: *7062 "/usr/share/nginx/cv.damine.tn/HNAP1/index.php" is not found (2: No such file or directory), client: 92.118.228.122, server: cv.damine.tn, request: "GET /HNAP1/ HTTP/1.1", host: "161.97.106.0", referrer: "https://161.97.106.0/"
2020/09/16 17:10:29 [error] 695#695: *7177 open() "/usr/share/nginx/cv.damine.tn/owa/auth/logon.aspx" failed (2: No such file or directory), client: 192.241.238.90, server: cv.damine.tn, request: "GET /owa/auth/logon.aspx?url=https%3a%2f%2f1%2fecp%2f HTTP/1.1", host: "161.97.106.0"
2020/09/17 04:08:35 [error] 695#695: *7262 "/usr/share/nginx/cv.damine.tn/HNAP1/index.php" is not found (2: No such file or directory), client: 92.118.228.122, server: cv.damine.tn, request: "GET /HNAP1/ HTTP/1.1", host: "161.97.106.0", referrer: "https://161.97.106.0/"
2020/09/17 04:21:21 [error] 695#695: *7268 open() "/usr/share/nginx/cv.damine.tn/wp-login.php" failed (2: No such file or directory), client: 188.114.111.217, server: cv.damine.tn, request: "GET /wp-login.php HTTP/1.1", host: "cv.damine.tn", referrer: "http://cv.damine.tn/wp-login.php"
2020/09/17 04:21:40 [error] 695#695: *7270 open() "/usr/share/nginx/cv.damine.tn/wp-login.php" failed (2: No such file or directory), client: 141.101.69.95, server: cv.damine.tn, request: "GET /wp-login.php HTTP/1.1", host: "cv.damine.tn", referrer: "http://cv.damine.tn/wp-login.php"
2020/09/17 04:21:48 [error] 695#695: *7272 open() "/usr/share/nginx/cv.damine.tn/wp-login.php" failed (2: No such file or directory), client: 108.162.229.42, server: cv.damine.tn, request: "GET /wp-login.php HTTP/1.1", host: "cv.damine.tn", referrer: "http://cv.damine.tn/wp-login.php"
2020/09/17 09:44:08 [crit] 694#694: *7311 SSL_do_handshake() failed (SSL: error:14094085:SSL routines:ssl3_read_bytes:ccs received early) while SSL handshaking, client: 161.35.5.101, server: 0.0.0.0:443
2020/09/17 10:31:37 [error] 695#695: *7857 open() "/usr/share/nginx/cv.damine.tn/ajax" failed (2: No such file or directory), client: 172.105.89.161, server: cv.damine.tn, request: "POST /ajax HTTP/1.1", host: "161.97.106.0"
2020/09/17 19:59:44 [error] 694#694: *7989 open() "/usr/share/nginx/cv.damine.tn/owa/auth/logon.aspx" failed (2: No such file or directory), client: 192.241.211.138, server: cv.damine.tn, request: "GET /owa/auth/logon.aspx?url=https%3a%2f%2f1%2fecp%2f HTTP/1.1", host: "161.97.106.0"
2020/09/17 22:58:43 [error] 695#695: *8004 "/usr/share/nginx/cv.damine.tn/wp/index.php" is not found (2: No such file or directory), client: 188.165.211.206, server: cv.damine.tn, request: "GET //wp/ HTTP/1.1", host: "support.damine.tn"
2020/09/17 22:59:30 [error] 694#694: *8005 "/usr/share/nginx/cv.damine.tn/wordpress/index.php" is not found (2: No such file or directory), client: 188.165.211.206, server: cv.damine.tn, request: "GET //wordpress/ HTTP/1.1", host: "support.damine.tn"
2020/09/18 12:42:21 [error] 695#695: *8072 open() "/usr/share/nginx/cv.damine.tn/sitemap.xml" failed (2: No such file or directory), client: 94.102.49.190, server: cv.damine.tn, request: "GET /sitemap.xml HTTP/1.1", host: "161.97.106.0"
2020/09/18 12:42:21 [error] 695#695: *8073 open() "/usr/share/nginx/cv.damine.tn/.well-known/security.txt" failed (2: No such file or directory), client: 94.102.49.190, server: cv.damine.tn, request: "GET /.well-known/security.txt HTTP/1.1", host: "161.97.106.0"
2020/09/18 20:23:25 [error] 694#694: *8115 "/usr/share/nginx/cv.damine.tn/admin/connection/index.php" is not found (2: No such file or directory), client: 64.225.66.251, server: cv.damine.tn, request: "GET /admin/connection/ HTTP/1.1", host: "161.97.106.0"
2020/09/18 20:23:25 [error] 694#694: *8115 open() "/usr/share/nginx/cv.damine.tn/favicon.ico" failed (2: No such file or directory), client: 64.225.66.251, server: cv.damine.tn, request: "GET /favicon.ico HTTP/1.1", host: "161.97.106.0"
2020/09/18 23:56:02 [error] 694#694: *8144 open() "/usr/share/nginx/cv.damine.tn/login" failed (2: No such file or directory), client: 192.241.232.202, server: cv.damine.tn, request: "GET /login HTTP/1.1", host: "161.97.106.0"
2020/09/19 08:11:48 [error] 694#694: *8178 open() "/usr/share/nginx/cv.damine.tn/owa/auth/logon.aspx" failed (2: No such file or directory), client: 192.241.237.210, server: cv.damine.tn, request: "GET /owa/auth/logon.aspx?url=https%3a%2f%2f1%2fecp%2f HTTP/1.1", host: "161.97.106.0"
2020/09/19 23:08:25 [error] 695#695: *8229 open() "/usr/share/nginx/cv.damine.tn/index.php" failed (2: No such file or directory), client: 45.146.164.186, server: cv.damine.tn, request: "GET /index.php?s=/Index/\think\app/invokefunction&function=call_user_func_array&vars[0]=md5&vars[1][]=HelloThinkPHP HTTP/1.1", host: "161.97.106.0:443"
2020/09/19 23:08:25 [error] 695#695: *8231 open() "/usr/share/nginx/cv.damine.tn/api/jsonws/invoke" failed (2: No such file or directory), client: 45.146.164.186, server: cv.damine.tn, request: "POST /api/jsonws/invoke HTTP/1.1", host: "161.97.106.0:443"
2020/09/19 23:12:09 [error] 695#695: *8232 open() "/usr/share/nginx/cv.damine.tn/vendor/phpunit/phpunit/src/Util/PHP/eval-stdin.php" failed (2: No such file or directory), client: 45.146.164.186, server: cv.damine.tn, request: "GET /vendor/phpunit/phpunit/src/Util/PHP/eval-stdin.php HTTP/1.1", host: "161.97.106.0:443"
2020/09/19 23:12:09 [error] 695#695: *8233 open() "/usr/share/nginx/cv.damine.tn/vendor/phpunit/phpunit/src/Util/PHP/eval-stdin.php" failed (2: No such file or directory), client: 45.146.164.186, server: cv.damine.tn, request: "POST /vendor/phpunit/phpunit/src/Util/PHP/eval-stdin.php HTTP/1.1", host: "161.97.106.0:443"
2020/09/20 10:45:38 [error] 695#695: *8313 open() "/usr/share/nginx/cv.damine.tn/owa/auth/logon.aspx" failed (2: No such file or directory), client: 192.241.239.175, server: cv.damine.tn, request: "GET /owa/auth/logon.aspx?url=https%3a%2f%2f1%2fecp%2f HTTP/1.1", host: "161.97.106.0"
2020/09/20 11:48:09 [error] 694#694: *8314 open() "/usr/share/nginx/cv.damine.tn/cgi-bin/config.exp" failed (2: No such file or directory), client: 193.118.53.210, server: cv.damine.tn, request: "GET /cgi-bin/config.exp HTTP/1.1", host: "161.97.106.0"
2020/09/20 13:07:41 [error] 695#695: *8319 open() "/usr/share/nginx/cv.damine.tn/ajax" failed (2: No such file or directory), client: 172.105.89.161, server: cv.damine.tn, request: "POST /ajax HTTP/1.1", host: "161.97.106.0"
2020/09/21 05:00:28 [error] 694#694: *8409 open() "/usr/share/nginx/cv.damine.tn/backup.env" failed (2: No such file or directory), client: 173.255.216.24, server: cv.damine.tn, request: "GET /backup.env HTTP/1.1", host: "161.97.106.0"
2020/09/21 06:25:06 [error] 695#695: *8417 open() "/usr/share/nginx/cv.damine.tn/index.php" failed (2: No such file or directory), client: 45.146.164.186, server: cv.damine.tn, request: "GET /index.php?s=/Index/\think\app/invokefunction&function=call_user_func_array&vars[0]=md5&vars[1][]=HelloThinkPHP HTTP/1.1", host: "161.97.106.0:443"
2020/09/21 06:25:07 [error] 695#695: *8419 open() "/usr/share/nginx/cv.damine.tn/api/jsonws/invoke" failed (2: No such file or directory), client: 45.146.164.186, server: cv.damine.tn, request: "POST /api/jsonws/invoke HTTP/1.1", host: "161.97.106.0:443"
2020/09/21 07:01:15 [error] 695#695: *8422 open() "/usr/share/nginx/cv.damine.tn/vendor/phpunit/phpunit/src/Util/PHP/eval-stdin.php" failed (2: No such file or directory), client: 45.146.164.186, server: cv.damine.tn, request: "GET /vendor/phpunit/phpunit/src/Util/PHP/eval-stdin.php HTTP/1.1", host: "161.97.106.0:443"
2020/09/21 07:01:16 [error] 695#695: *8423 open() "/usr/share/nginx/cv.damine.tn/vendor/phpunit/phpunit/src/Util/PHP/eval-stdin.php" failed (2: No such file or directory), client: 45.146.164.186, server: cv.damine.tn, request: "POST /vendor/phpunit/phpunit/src/Util/PHP/eval-stdin.php HTTP/1.1", host: "161.97.106.0:443"
2020/09/21 12:30:29 [error] 694#694: *8437 open() "/usr/share/nginx/cv.damine.tn/owa/auth/logon.aspx" failed (2: No such file or directory), client: 192.241.208.132, server: cv.damine.tn, request: "GET /owa/auth/logon.aspx?url=https%3a%2f%2f1%2fecp%2f HTTP/1.1", host: "161.97.106.0"
2020/09/21 22:59:28 [error] 694#694: *8514 open() "/usr/share/nginx/cv.damine.tn/owa/auth/logon.aspx" failed (2: No such file or directory), client: 3.101.101.0, server: cv.damine.tn, request: "GET /owa/auth/logon.aspx HTTP/1.1", host: "161.97.106.0:443"
2020/09/22 03:43:47 [error] 694#694: *8794 open() "/usr/share/nginx/cv.damine.tn/Telerik.Web.UI.WebResource.axd" failed (2: No such file or directory), client: 128.14.134.170, server: cv.damine.tn, request: "GET /Telerik.Web.UI.WebResource.axd?type=rau HTTP/1.1", host: "161.97.106.0"
2020/09/22 08:07:34 [error] 694#694: *8833 open() "/usr/share/nginx/cv.damine.tn/sdk" failed (2: No such file or directory), client: 47.241.18.18, server: cv.damine.tn, request: "POST /sdk HTTP/1.1", host: "161.97.106.0"
2020/09/22 08:07:34 [error] 694#694: *8835 open() "/usr/share/nginx/cv.damine.tn/nmaplowercheck1600754853" failed (2: No such file or directory), client: 47.241.18.18, server: cv.damine.tn, request: "GET /nmaplowercheck1600754853 HTTP/1.1", host: "161.97.106.0"
2020/09/22 08:07:35 [error] 694#694: *8837 open() "/usr/share/nginx/cv.damine.tn/evox/about" failed (2: No such file or directory), client: 47.241.18.18, server: cv.damine.tn, request: "GET /evox/about HTTP/1.1", host: "161.97.106.0"
2020/09/22 08:07:35 [error] 694#694: *8838 open() "/usr/share/nginx/cv.damine.tn/HNAP1" failed (2: No such file or directory), client: 47.241.18.18, server: cv.damine.tn, request: "GET /HNAP1 HTTP/1.1", host: "161.97.106.0"
2020/09/22 12:31:21 [error] 695#695: *8864 open() "/usr/share/nginx/cv.damine.tn/owa/auth/logon.aspx" failed (2: No such file or directory), client: 192.241.234.5, server: cv.damine.tn, request: "GET /owa/auth/logon.aspx?url=https%3a%2f%2f1%2fecp%2f HTTP/1.1", host: "161.97.106.0"
2020/09/22 12:32:52 [error] 695#695: *8865 open() "/usr/share/nginx/cv.damine.tn/remote/login" failed (2: No such file or directory), client: 193.118.53.194, server: cv.damine.tn, request: "GET /remote/login HTTP/1.1", host: "161.97.106.0"
2020/09/23 09:11:18 [error] 694#694: *9052 open() "/usr/share/nginx/cv.damine.tn/index.php" failed (2: No such file or directory), client: 176.113.115.214, server: cv.damine.tn, request: "GET /index.php?s=/Index/\think\app/invokefunction&function=call_user_func_array&vars[0]=md5&vars[1][]=HelloThinkPHP HTTP/1.1", host: "161.97.106.0:443"
2020/09/23 09:15:28 [error] 694#694: *9053 open() "/usr/share/nginx/cv.damine.tn/api/jsonws/invoke" failed (2: No such file or directory), client: 176.113.115.214, server: cv.damine.tn, request: "POST /api/jsonws/invoke HTTP/1.1", host: "161.97.106.0:443"
2020/09/23 10:00:18 [error] 694#694: *9069 open() "/usr/share/nginx/cv.damine.tn/sitemap.xml" failed (2: No such file or directory), client: 93.174.95.106, server: cv.damine.tn, request: "GET /sitemap.xml HTTP/1.1", host: "161.97.106.0"
2020/09/23 10:00:18 [error] 694#694: *9070 open() "/usr/share/nginx/cv.damine.tn/.well-known/security.txt" failed (2: No such file or directory), client: 93.174.95.106, server: cv.damine.tn, request: "GET /.well-known/security.txt HTTP/1.1", host: "161.97.106.0"
2020/09/23 10:41:47 [error] 695#695: *9078 open() "/usr/share/nginx/cv.damine.tn/vendor/phpunit/phpunit/src/Util/PHP/eval-stdin.php" failed (2: No such file or directory), client: 176.113.115.214, server: cv.damine.tn, request: "GET /vendor/phpunit/phpunit/src/Util/PHP/eval-stdin.php HTTP/1.1", host: "161.97.106.0:443"
2020/09/23 10:41:50 [error] 694#694: *9079 open() "/usr/share/nginx/cv.damine.tn/vendor/phpunit/phpunit/src/Util/PHP/eval-stdin.php" failed (2: No such file or directory), client: 176.113.115.214, server: cv.damine.tn, request: "POST /vendor/phpunit/phpunit/src/Util/PHP/eval-stdin.php HTTP/1.1", host: "161.97.106.0:443"
2020/09/23 15:11:52 [error] 694#694: *9144 open() "/usr/share/nginx/cv.damine.tn/owa/auth/logon.aspx" failed (2: No such file or directory), client: 192.241.233.220, server: cv.damine.tn, request: "GET /owa/auth/logon.aspx?url=https%3a%2f%2f1%2fecp%2f HTTP/1.1", host: "161.97.106.0"
2020/09/23 20:26:42 [error] 694#694: *9154 open() "/usr/share/nginx/cv.damine.tn/ajax" failed (2: No such file or directory), client: 172.105.89.161, server: cv.damine.tn, request: "POST /ajax HTTP/1.1", host: "161.97.106.0"
2020/09/23 23:57:42 [error] 694#694: *9165 "/usr/share/nginx/cv.damine.tn/solr/index.php" is not found (2: No such file or directory), client: 193.118.53.210, server: cv.damine.tn, request: "GET /solr/ HTTP/1.1", host: "161.97.106.0"
2020/09/24 16:13:00 [error] 694#694: *9265 "/usr/share/nginx/cv.damine.tn/webfig/index.php" is not found (2: No such file or directory), client: 193.118.53.210, server: cv.damine.tn, request: "GET /webfig/ HTTP/1.1", host: "161.97.106.0"
2020/09/24 17:19:46 [error] 695#695: *9268 open() "/usr/share/nginx/cv.damine.tn/owa/auth/logon.aspx" failed (2: No such file or directory), client: 192.241.227.237, server: cv.damine.tn, request: "GET /owa/auth/logon.aspx?url=https%3a%2f%2f1%2fecp%2f HTTP/1.1", host: "161.97.106.0"
2020/09/25 12:41:26 [error] 965#965: *49 open() "/usr/share/nginx/cv.damine.tn/login/companyInfo/seriously" failed (2: No such file or directory), client: 52.91.145.87, server: cv.damine.tn, request: "GET /login/companyInfo/seriously HTTP/1.1", host: "161.97.106.0"
2020/09/25 20:16:12 [error] 966#966: *83 open() "/usr/share/nginx/cv.damine.tn/wp-content/plugins/wp-file-manager/lib/php/connector.minimal.php" failed (2: No such file or directory), client: 108.162.229.74, server: cv.damine.tn, request: "POST ////wp-content/plugins/wp-file-manager/lib/php/connector.minimal.php HTTP/1.1", host: "bbb23.damine.tn"
2020/09/25 20:16:24 [error] 966#966: *84 open() "/usr/share/nginx/cv.damine.tn/wp-content/plugins/wp-file-manager/lib/files/admin.php" failed (2: No such file or directory), client: 108.162.229.80, server: cv.damine.tn, request: "GET ////wp-content/plugins/wp-file-manager/lib/files/admin.php HTTP/1.1", host: "bbb23.damine.tn"
2020/09/25 20:19:12 [error] 966#966: *89 open() "/usr/share/nginx/cv.damine.tn/wp-content/plugins/wp-file-manager/lib/php/connector.minimal.php" failed (2: No such file or directory), client: 108.162.229.114, server: cv.damine.tn, request: "POST ////wp-content/plugins/wp-file-manager/lib/php/connector.minimal.php HTTP/1.1", host: "bbb.damine.tn"
2020/09/25 20:19:21 [error] 966#966: *90 open() "/usr/share/nginx/cv.damine.tn/wp-content/plugins/wp-file-manager/lib/files/admin.php" failed (2: No such file or directory), client: 108.162.229.210, server: cv.damine.tn, request: "GET ////wp-content/plugins/wp-file-manager/lib/files/admin.php HTTP/1.1", host: "bbb.damine.tn"
2020/09/26 00:16:43 [error] 966#966: *120 open() "/usr/share/nginx/cv.damine.tn/login" failed (2: No such file or directory), client: 198.199.95.17, server: cv.damine.tn, request: "GET /login HTTP/1.1", host: "161.97.106.0"
2020/09/26 11:13:45 [error] 965#965: *168 open() "/usr/share/nginx/cv.damine.tn/owa/auth/logon.aspx" failed (2: No such file or directory), client: 192.241.233.252, server: cv.damine.tn, request: "GET /owa/auth/logon.aspx?url=https%3a%2f%2f1%2fecp%2f HTTP/1.1", host: "161.97.106.0"
2020/09/26 15:12:10 [error] 966#966: *192 open() "/usr/share/nginx/cv.damine.tn/VWmC" failed (2: No such file or directory), client: 185.214.167.254, server: cv.damine.tn, request: "HEAD /VWmC HTTP/1.1", host: "161.97.106.0"
2020/09/27 01:09:25 [error] 965#965: *238 open() "/usr/share/nginx/cv.damine.tn/dns-query" failed (2: No such file or directory), client: 195.37.190.77, server: cv.damine.tn, request: "GET /dns-query?dns=AAABAAABAAAAAAAAA3d3dwdleGFtcGxlA2NvbQAAAQAB HTTP/1.1", host: "161.97.106.0"
2020/09/27 01:09:25 [error] 966#966: *239 open() "/usr/share/nginx/cv.damine.tn/dns-query" failed (2: No such file or directory), client: 195.37.190.77, server: cv.damine.tn, request: "POST /dns-query HTTP/1.1", host: "161.97.106.0"
2020/09/27 02:14:53 [error] 965#965: *262 open() "/usr/share/nginx/cv.damine.tn/ajax" failed (2: No such file or directory), client: 172.105.89.161, server: cv.damine.tn, request: "POST /ajax HTTP/1.1", host: "161.97.106.0"
2020/09/27 16:26:22 [error] 966#966: *334 open() "/usr/share/nginx/cv.damine.tn/owa/auth/logon.aspx" failed (2: No such file or directory), client: 192.241.238.23, server: cv.damine.tn, request: "GET /owa/auth/logon.aspx?url=https%3a%2f%2f1%2fecp%2f HTTP/1.1", host: "161.97.106.0"
2020/09/28 04:33:41 [error] 965#965: *407 open() "/usr/share/nginx/cv.damine.tn/sitemap.xml" failed (2: No such file or directory), client: 185.142.236.40, server: cv.damine.tn, request: "GET /sitemap.xml HTTP/1.1", host: "161.97.106.0"
2020/09/28 04:33:44 [error] 965#965: *408 open() "/usr/share/nginx/cv.damine.tn/.well-known/security.txt" failed (2: No such file or directory), client: 185.142.236.40, server: cv.damine.tn, request: "GET /.well-known/security.txt HTTP/1.1", host: "161.97.106.0"
2020/09/28 18:06:24 [error] 965#965: *505 open() "/usr/share/nginx/cv.damine.tn/owa/auth/logon.aspx" failed (2: No such file or directory), client: 192.241.237.167, server: cv.damine.tn, request: "GET /owa/auth/logon.aspx?url=https%3a%2f%2f1%2fecp%2f HTTP/1.1", host: "161.97.106.0"
2020/09/28 19:46:50 [error] 965#965: *525 open() "/usr/share/nginx/cv.damine.tn/sitemap.xml" failed (2: No such file or directory), client: 185.142.236.40, server: cv.damine.tn, request: "GET /sitemap.xml HTTP/1.1", host: "161.97.106.0"
2020/09/28 19:46:54 [error] 965#965: *526 open() "/usr/share/nginx/cv.damine.tn/.well-known/security.txt" failed (2: No such file or directory), client: 185.142.236.40, server: cv.damine.tn, request: "GET /.well-known/security.txt HTTP/1.1", host: "161.97.106.0"
2020/09/28 21:33:40 [error] 966#966: *547 open() "/usr/share/nginx/cv.damine.tn/GponForm/diag_Form" failed (2: No such file or directory), client: 104.248.235.138, server: cv.damine.tn, request: "POST /GponForm/diag_Form?style/ HTTP/1.1", host: "192.168.0.1:443"
2020/09/29 00:09:09 [error] 965#965: *560 open() "/usr/share/nginx/cv.damine.tn/index.php" failed (2: No such file or directory), client: 176.113.115.214, server: cv.damine.tn, request: "GET /index.php?s=/Index/\think\app/invokefunction&function=call_user_func_array&vars[0]=md5&vars[1][]=HelloThinkPHP HTTP/1.1", host: "161.97.106.0:443"
2020/09/29 00:10:43 [error] 966#966: *561 open() "/usr/share/nginx/cv.damine.tn/api/jsonws/invoke" failed (2: No such file or directory), client: 176.113.115.214, server: cv.damine.tn, request: "POST /api/jsonws/invoke HTTP/1.1", host: "161.97.106.0:443"
2020/09/29 01:18:31 [error] 966#966: *570 open() "/usr/share/nginx/cv.damine.tn/vendor/phpunit/phpunit/src/Util/PHP/eval-stdin.php" failed (2: No such file or directory), client: 176.113.115.214, server: cv.damine.tn, request: "GET /vendor/phpunit/phpunit/src/Util/PHP/eval-stdin.php HTTP/1.1", host: "161.97.106.0:443"
2020/09/29 01:18:31 [error] 966#966: *571 open() "/usr/share/nginx/cv.damine.tn/vendor/phpunit/phpunit/src/Util/PHP/eval-stdin.php" failed (2: No such file or directory), client: 176.113.115.214, server: cv.damine.tn, request: "POST /vendor/phpunit/phpunit/src/Util/PHP/eval-stdin.php HTTP/1.1", host: "161.97.106.0:443"
2020/09/29 01:18:56 [error] 966#966: *572 open() "/usr/share/nginx/cv.damine.tn/GponForm/diag_Form" failed (2: No such file or directory), client: 104.248.226.186, server: cv.damine.tn, request: "POST /GponForm/diag_Form?style/ HTTP/1.1", host: "192.168.0.1:443"
2020/09/29 12:25:56 [error] 965#965: *628 open() "/usr/share/nginx/cv.damine.tn/nmaplowercheck1601375155" failed (2: No such file or directory), client: 172.105.13.165, server: cv.damine.tn, request: "GET /nmaplowercheck1601375155 HTTP/1.1", host: "vmi437693.contaboserver.net"
2020/09/29 12:25:56 [error] 966#966: *630 open() "/usr/share/nginx/cv.damine.tn/HNAP1" failed (2: No such file or directory), client: 172.105.13.165, server: cv.damine.tn, request: "GET /HNAP1 HTTP/1.1", host: "vmi437693.contaboserver.net"
2020/09/30 01:14:23 [error] 966#966: *677 open() "/usr/share/nginx/cv.damine.tn/owa/auth/logon.aspx" failed (2: No such file or directory), client: 192.241.236.197, server: cv.damine.tn, request: "GET /owa/auth/logon.aspx?url=https%3a%2f%2f1%2fecp%2f HTTP/1.1", host: "161.97.106.0"
2020/09/30 09:34:55 [error] 966#966: *732 open() "/usr/share/nginx/cv.damine.tn/ajax" failed (2: No such file or directory), client: 172.105.89.161, server: cv.damine.tn, request: "POST /ajax HTTP/1.1", host: "161.97.106.0"
2020/10/01 03:23:16 [error] 966#966: *808 open() "/usr/share/nginx/cv.damine.tn/epa/scripts/win/nsepa_setup.exe" failed (2: No such file or directory), client: 13.56.82.0, server: cv.damine.tn, request: "HEAD /epa/scripts/win/nsepa_setup.exe HTTP/1.1", host: "161.97.106.0:443"
2020/10/01 06:56:31 [error] 965#965: *930 open() "/usr/share/nginx/cv.damine.tn/owa/auth/logon.aspx" failed (2: No such file or directory), client: 192.241.212.191, server: cv.damine.tn, request: "GET /owa/auth/logon.aspx?url=https%3a%2f%2f1%2fecp%2f HTTP/1.1", host: "161.97.106.0"
2020/10/01 09:22:56 [error] 966#966: *1020 open() "/usr/share/nginx/cv.damine.tn/index.php" failed (2: No such file or directory), client: 176.113.115.214, server: cv.damine.tn, request: "GET /index.php?s=/Index/\think\app/invokefunction&function=call_user_func_array&vars[0]=md5&vars[1][]=HelloThinkPHP HTTP/1.1", host: "161.97.106.0:443"
2020/10/01 09:22:56 [error] 966#966: *1021 open() "/usr/share/nginx/cv.damine.tn/api/jsonws/invoke" failed (2: No such file or directory), client: 176.113.115.214, server: cv.damine.tn, request: "POST /api/jsonws/invoke HTTP/1.1", host: "161.97.106.0:443"
2020/10/01 09:36:00 [error] 965#965: *1022 open() "/usr/share/nginx/cv.damine.tn/vendor/phpunit/phpunit/src/Util/PHP/eval-stdin.php" failed (2: No such file or directory), client: 176.113.115.214, server: cv.damine.tn, request: "GET /vendor/phpunit/phpunit/src/Util/PHP/eval-stdin.php HTTP/1.1", host: "161.97.106.0:443"
2020/10/01 09:36:02 [error] 965#965: *1023 open() "/usr/share/nginx/cv.damine.tn/vendor/phpunit/phpunit/src/Util/PHP/eval-stdin.php" failed (2: No such file or directory), client: 176.113.115.214, server: cv.damine.tn, request: "POST /vendor/phpunit/phpunit/src/Util/PHP/eval-stdin.php HTTP/1.1", host: "161.97.106.0:443"
2020/10/02 12:09:08 [error] 966#966: *1160 open() "/usr/share/nginx/cv.damine.tn/wp-login.php" failed (2: No such file or directory), client: 141.101.69.169, server: cv.damine.tn, request: "GET /wp-login.php HTTP/1.1", host: "cv.damine.tn", referrer: "http://cv.damine.tn/wp-login.php"
2020/10/02 16:05:28 [error] 966#966: *1173 open() "/usr/share/nginx/cv.damine.tn/index.php" failed (2: No such file or directory), client: 176.113.115.214, server: cv.damine.tn, request: "GET /index.php?s=/Index/\think\app/invokefunction&function=call_user_func_array&vars[0]=md5&vars[1][]=HelloThinkPHP HTTP/1.1", host: "161.97.106.0:443"
2020/10/02 16:21:22 [error] 966#966: *1177 open() "/usr/share/nginx/cv.damine.tn/api/jsonws/invoke" failed (2: No such file or directory), client: 176.113.115.214, server: cv.damine.tn, request: "POST /api/jsonws/invoke HTTP/1.1", host: "161.97.106.0:443"
2020/10/02 17:59:12 [error] 965#965: *1197 open() "/usr/share/nginx/cv.damine.tn/vendor/phpunit/phpunit/src/Util/PHP/eval-stdin.php" failed (2: No such file or directory), client: 176.113.115.214, server: cv.damine.tn, request: "GET /vendor/phpunit/phpunit/src/Util/PHP/eval-stdin.php HTTP/1.1", host: "161.97.106.0:443"
2020/10/02 17:59:16 [error] 966#966: *1198 open() "/usr/share/nginx/cv.damine.tn/vendor/phpunit/phpunit/src/Util/PHP/eval-stdin.php" failed (2: No such file or directory), client: 176.113.115.214, server: cv.damine.tn, request: "POST /vendor/phpunit/phpunit/src/Util/PHP/eval-stdin.php HTTP/1.1", host: "161.97.106.0:443"
2020/10/03 01:18:51 [error] 966#966: *1254 open() "/usr/share/nginx/cv.damine.tn/login" failed (2: No such file or directory), client: 192.241.209.122, server: cv.damine.tn, request: "GET /login HTTP/1.1", host: "161.97.106.0"
2020/10/03 06:21:11 [error] 965#965: *1294 open() "/usr/share/nginx/cv.damine.tn/index.php" failed (2: No such file or directory), client: 176.113.115.214, server: cv.damine.tn, request: "GET /index.php?s=/Index/\think\app/invokefunction&function=call_user_func_array&vars[0]=md5&vars[1][]=HelloThinkPHP HTTP/1.1", host: "161.97.106.0:443"
2020/10/03 06:28:10 [error] 966#966: *1295 open() "/usr/share/nginx/cv.damine.tn/api/jsonws/invoke" failed (2: No such file or directory), client: 176.113.115.214, server: cv.damine.tn, request: "POST /api/jsonws/invoke HTTP/1.1", host: "161.97.106.0:443"
2020/10/03 07:34:57 [error] 966#966: *1299 open() "/usr/share/nginx/cv.damine.tn/vendor/phpunit/phpunit/src/Util/PHP/eval-stdin.php" failed (2: No such file or directory), client: 176.113.115.214, server: cv.damine.tn, request: "GET /vendor/phpunit/phpunit/src/Util/PHP/eval-stdin.php HTTP/1.1", host: "161.97.106.0:443"
2020/10/03 07:34:58 [error] 966#966: *1300 open() "/usr/share/nginx/cv.damine.tn/vendor/phpunit/phpunit/src/Util/PHP/eval-stdin.php" failed (2: No such file or directory), client: 176.113.115.214, server: cv.damine.tn, request: "POST /vendor/phpunit/phpunit/src/Util/PHP/eval-stdin.php HTTP/1.1", host: "161.97.106.0:443"
2020/10/03 18:02:15 [error] 965#965: *1346 open() "/usr/share/nginx/cv.damine.tn/owa/auth/logon.aspx" failed (2: No such file or directory), client: 192.241.239.195, server: cv.damine.tn, request: "GET /owa/auth/logon.aspx?url=https%3a%2f%2f1%2fecp%2f HTTP/1.1", host: "161.97.106.0"
2020/10/03 18:14:32 [error] 966#966: *1354 open() "/usr/share/nginx/cv.damine.tn/ajax" failed (2: No such file or directory), client: 172.105.89.161, server: cv.damine.tn, request: "POST /ajax HTTP/1.1", host: "161.97.106.0"
2020/10/03 19:18:15 [error] 966#966: *1464 open() "/usr/share/nginx/cv.damine.tn/owa/auth/logon.aspx" failed (2: No such file or directory), client: 54.219.116.84, server: cv.damine.tn, request: "GET /owa/auth/logon.aspx HTTP/1.1", host: "161.97.106.0:443"
2020/10/03 21:40:05 [error] 965#965: *1498 open() "/usr/share/nginx/cv.damine.tn/index.php" failed (2: No such file or directory), client: 176.113.115.214, server: cv.damine.tn, request: "GET /index.php?s=/Index/\think\app/invokefunction&function=call_user_func_array&vars[0]=md5&vars[1][]=HelloThinkPHP HTTP/1.1", host: "161.97.106.0:443"
2020/10/03 21:59:18 [error] 965#965: *1500 open() "/usr/share/nginx/cv.damine.tn/api/jsonws/invoke" failed (2: No such file or directory), client: 176.113.115.214, server: cv.damine.tn, request: "POST /api/jsonws/invoke HTTP/1.1", host: "161.97.106.0:443"
2020/10/03 23:58:07 [error] 966#966: *1508 open() "/usr/share/nginx/cv.damine.tn/vendor/phpunit/phpunit/src/Util/PHP/eval-stdin.php" failed (2: No such file or directory), client: 176.113.115.214, server: cv.damine.tn, request: "GET /vendor/phpunit/phpunit/src/Util/PHP/eval-stdin.php HTTP/1.1", host: "161.97.106.0:443"
2020/10/03 23:58:07 [error] 965#965: *1509 open() "/usr/share/nginx/cv.damine.tn/vendor/phpunit/phpunit/src/Util/PHP/eval-stdin.php" failed (2: No such file or directory), client: 176.113.115.214, server: cv.damine.tn, request: "POST /vendor/phpunit/phpunit/src/Util/PHP/eval-stdin.php HTTP/1.1", host: "161.97.106.0:443"
2020/10/04 10:01:40 [error] 966#966: *1565 open() "/usr/share/nginx/cv.damine.tn/cgi-bin/config.exp" failed (2: No such file or directory), client: 128.14.133.58, server: cv.damine.tn, request: "GET /cgi-bin/config.exp HTTP/1.1", host: "161.97.106.0"
2020/10/05 01:36:42 [error] 965#965: *1774 open() "/usr/share/nginx/cv.damine.tn/api/jsonws/invoke" failed (2: No such file or directory), client: 176.113.115.214, server: cv.damine.tn, request: "POST /api/jsonws/invoke HTTP/1.1", host: "161.97.106.0:443"
2020/10/05 01:36:43 [error] 965#965: *1772 open() "/usr/share/nginx/cv.damine.tn/index.php" failed (2: No such file or directory), client: 176.113.115.214, server: cv.damine.tn, request: "GET /index.php?s=/Index/\think\app/invokefunction&function=call_user_func_array&vars[0]=md5&vars[1][]=HelloThinkPHP HTTP/1.1", host: "161.97.106.0:443"
2020/10/05 02:00:31 [error] 966#966: *1776 open() "/usr/share/nginx/cv.damine.tn/vendor/phpunit/phpunit/src/Util/PHP/eval-stdin.php" failed (2: No such file or directory), client: 176.113.115.214, server: cv.damine.tn, request: "GET /vendor/phpunit/phpunit/src/Util/PHP/eval-stdin.php HTTP/1.1", host: "161.97.106.0:443"
2020/10/05 02:00:40 [error] 966#966: *1777 open() "/usr/share/nginx/cv.damine.tn/vendor/phpunit/phpunit/src/Util/PHP/eval-stdin.php" failed (2: No such file or directory), client: 176.113.115.214, server: cv.damine.tn, request: "POST /vendor/phpunit/phpunit/src/Util/PHP/eval-stdin.php HTTP/1.1", host: "161.97.106.0:443"
2020/10/05 10:51:05 [error] 965#965: *1833 open() "/usr/share/nginx/cv.damine.tn/owa/auth/logon.aspx" failed (2: No such file or directory), client: 192.241.218.91, server: cv.damine.tn, request: "GET /owa/auth/logon.aspx?url=https%3a%2f%2f1%2fecp%2f HTTP/1.1", host: "161.97.106.0"
2020/10/05 21:56:11 [error] 965#965: *1896 open() "/usr/share/nginx/cv.damine.tn/sitemap.xml" failed (2: No such file or directory), client: 185.142.236.40, server: cv.damine.tn, request: "GET /sitemap.xml HTTP/1.1", host: "161.97.106.0"
2020/10/05 21:56:14 [error] 965#965: *1897 open() "/usr/share/nginx/cv.damine.tn/.well-known/security.txt" failed (2: No such file or directory), client: 185.142.236.40, server: cv.damine.tn, request: "GET /.well-known/security.txt HTTP/1.1", host: "161.97.106.0"
2020/10/06 03:26:09 [error] 966#966: *1961 open() "/usr/share/nginx/cv.damine.tn/sitemap.xml" failed (2: No such file or directory), client: 185.142.236.40, server: cv.damine.tn, request: "GET /sitemap.xml HTTP/1.1", host: "161.97.106.0"
2020/10/06 03:26:16 [error] 966#966: *1962 open() "/usr/share/nginx/cv.damine.tn/.well-known/security.txt" failed (2: No such file or directory), client: 185.142.236.40, server: cv.damine.tn, request: "GET /.well-known/security.txt HTTP/1.1", host: "161.97.106.0"
2020/10/06 05:58:52 [error] 966#966: *1989 open() "/usr/share/nginx/cv.damine.tn/Telerik.Web.UI.WebResource.axd" failed (2: No such file or directory), client: 128.14.133.58, server: cv.damine.tn, request: "GET /Telerik.Web.UI.WebResource.axd?type=rau HTTP/1.1", host: "161.97.106.0"
2020/10/06 06:20:47 [error] 966#966: *1998 open() "/usr/share/nginx/cv.damine.tn/index.php" failed (2: No such file or directory), client: 176.113.115.214, server: cv.damine.tn, request: "GET /index.php?s=/Index/\think\app/invokefunction&function=call_user_func_array&vars[0]=md5&vars[1][]=HelloThinkPHP HTTP/1.1", host: "161.97.106.0:443"
2020/10/06 06:20:47 [error] 966#966: *2000 open() "/usr/share/nginx/cv.damine.tn/api/jsonws/invoke" failed (2: No such file or directory), client: 176.113.115.214, server: cv.damine.tn, request: "POST /api/jsonws/invoke HTTP/1.1", host: "161.97.106.0:443"
2020/10/06 06:30:11 [error] 966#966: *2001 open() "/usr/share/nginx/cv.damine.tn/vendor/phpunit/phpunit/src/Util/PHP/eval-stdin.php" failed (2: No such file or directory), client: 176.113.115.214, server: cv.damine.tn, request: "GET /vendor/phpunit/phpunit/src/Util/PHP/eval-stdin.php HTTP/1.1", host: "161.97.106.0:443"
2020/10/06 06:30:12 [error] 966#966: *2002 open() "/usr/share/nginx/cv.damine.tn/vendor/phpunit/phpunit/src/Util/PHP/eval-stdin.php" failed (2: No such file or directory), client: 176.113.115.214, server: cv.damine.tn, request: "POST /vendor/phpunit/phpunit/src/Util/PHP/eval-stdin.php HTTP/1.1", host: "161.97.106.0:443"
2020/10/06 08:43:52 [error] 965#965: *2011 open() "/usr/share/nginx/cv.damine.tn/remote/fgt_lang" failed (2: No such file or directory), client: 45.129.33.120, server: cv.damine.tn, request: "GET /remote/fgt_lang?lang=/../../../..//////////dev/cmdb/sslvpn_websession HTTP/1.1", host: "161.97.106.0"
2020/10/06 08:43:52 [error] 966#966: *2012 open() "/usr/share/nginx/cv.damine.tn/remote/fgt_lang" failed (2: No such file or directory), client: 45.129.33.120, server: cv.damine.tn, request: "GET /remote/fgt_lang?lang=/../../../..//////////dev/cmdb/sslvpn_websession HTTP/1.1", host: "161.97.106.0"
2020/10/06 11:24:36 [error] 966#966: *2026 open() "/usr/share/nginx/cv.damine.tn/remote/login" failed (2: No such file or directory), client: 128.14.133.58, server: cv.damine.tn, request: "GET /remote/login HTTP/1.1", host: "161.97.106.0"
2020/10/06 11:31:49 [error] 966#966: *2027 open() "/usr/share/nginx/cv.damine.tn/_forms/default.aspx" failed (2: No such file or directory), client: 52.88.131.21, server: cv.damine.tn, request: "GET /_forms/default.aspx HTTP/1.1", host: "161.97.106.0:443"
2020/10/07 02:03:46 [error] 965#965: *2137 open() "/usr/share/nginx/cv.damine.tn/wp-login.php" failed (2: No such file or directory), client: 141.101.69.164, server: cv.damine.tn, request: "GET /wp-login.php HTTP/1.1", host: "cv.damine.tn"
2020/10/07 04:14:02 [error] 966#966: *2149 open() "/usr/share/nginx/cv.damine.tn/ajax" failed (2: No such file or directory), client: 172.105.89.161, server: cv.damine.tn, request: "POST /ajax HTTP/1.1", host: "161.97.106.0"
2020/10/07 06:46:55 [error] 965#965: *2164 open() "/usr/share/nginx/cv.damine.tn/owa/auth/logon.aspx" failed (2: No such file or directory), client: 192.241.229.204, server: cv.damine.tn, request: "GET /owa/auth/logon.aspx?url=https%3a%2f%2f1%2fecp%2f HTTP/1.1", host: "161.97.106.0"
2020/10/07 14:12:48 [error] 966#966: *2206 open() "/usr/share/nginx/cv.damine.tn/wp-login.php" failed (2: No such file or directory), client: 141.101.69.181, server: cv.damine.tn, request: "GET /wp-login.php HTTP/1.1", host: "cv.damine.tn", referrer: "http://cv.damine.tn/wp-login.php"
2020/10/07 23:17:15 [error] 966#966: *2288 "/usr/share/nginx/cv.damine.tn/solr/index.php" is not found (2: No such file or directory), client: 193.118.53.194, server: cv.damine.tn, request: "GET /solr/ HTTP/1.1", host: "161.97.106.0"
2020/10/08 18:54:32 [error] 966#966: *2407 "/usr/share/nginx/cv.damine.tn/webfig/index.php" is not found (2: No such file or directory), client: 193.118.53.202, server: cv.damine.tn, request: "GET /webfig/ HTTP/1.1", host: "161.97.106.0"
2020/10/08 20:12:09 [error] 965#965: *2412 open() "/usr/share/nginx/cv.damine.tn/connector.sds" failed (2: No such file or directory), client: 193.174.89.19, server: cv.damine.tn, request: "GET /connector.sds HTTP/1.1", host: "161.97.106.0"
2020/10/08 20:12:10 [error] 965#965: *2413 open() "/usr/share/nginx/cv.damine.tn/gui/status" failed (2: No such file or directory), client: 193.174.89.19, server: cv.damine.tn, request: "GET /gui/status HTTP/1.1", host: "161.97.106.0"
2020/10/09 00:39:36 [error] 965#965: *2448 open() "/usr/share/nginx/cv.damine.tn/owa/auth/logon.aspx" failed (2: No such file or directory), client: 192.241.238.86, server: cv.damine.tn, request: "GET /owa/auth/logon.aspx?url=https%3a%2f%2f1%2fecp%2f HTTP/1.1", host: "161.97.106.0"
2020/10/09 02:05:01 [error] 965#965: *2451 open() "/usr/share/nginx/cv.damine.tn/+CSCOE+/files/file_list.json" failed (2: No such file or directory), client: 45.129.33.120, server: cv.damine.tn, request: "GET /+CSCOU+/../+CSCOE+/files/file_list.json?path=/sessions/ HTTP/1.1", host: "161.97.106.0"
2020/10/09 02:05:01 [error] 965#965: *2452 open() "/usr/share/nginx/cv.damine.tn/+CSCOE+/files/file_list.json" failed (2: No such file or directory), client: 45.129.33.120, server: cv.damine.tn, request: "GET /+CSCOU+/../+CSCOE+/files/file_list.json?path=/sessions/ HTTP/1.1", host: "161.97.106.0"
2020/10/09 15:24:04 [error] 965#965: *2536 open() "/usr/share/nginx/cv.damine.tn/test/js/pay.js" failed (2: No such file or directory), client: 5.8.10.202, server: cv.damine.tn, request: "GET /test/js/pay.js HTTP/1.1", host: "161.97.106.0:443"
2020/10/10 01:30:19 [error] 965#965: *2592 open() "/usr/share/nginx/cv.damine.tn/login" failed (2: No such file or directory), client: 192.241.238.161, server: cv.damine.tn, request: "GET /login HTTP/1.1", host: "161.97.106.0"
2020/10/10 16:19:19 [error] 965#965: *2695 open() "/usr/share/nginx/cv.damine.tn/ajax" failed (2: No such file or directory), client: 172.105.89.161, server: cv.damine.tn, request: "POST /ajax HTTP/1.1", host: "161.97.106.0"
2020/10/10 21:47:58 [error] 966#966: *2724 open() "/usr/share/nginx/cv.damine.tn/bag2" failed (2: No such file or directory), client: 139.162.145.250, server: cv.damine.tn, request: "GET /bag2 HTTP/1.1", host: "161.97.106.0"
2020/10/11 01:12:28 [error] 966#966: *2753 open() "/usr/share/nginx/cv.damine.tn/dns-query" failed (2: No such file or directory), client: 195.37.190.77, server: cv.damine.tn, request: "GET /dns-query?dns=AAABAAABAAAAAAAAA3d3dwdleGFtcGxlA2NvbQAAAQAB HTTP/1.1", host: "161.97.106.0"
2020/10/11 01:12:29 [error] 966#966: *2754 open() "/usr/share/nginx/cv.damine.tn/dns-query" failed (2: No such file or directory), client: 195.37.190.77, server: cv.damine.tn, request: "POST /dns-query HTTP/1.1", host: "161.97.106.0"
2020/10/11 06:23:22 [error] 965#965: *2808 open() "/usr/share/nginx/cv.damine.tn/index.php" failed (2: No such file or directory), client: 193.27.228.27, server: cv.damine.tn, request: "GET /index.php?s=/Index/\think\app/invokefunction&function=call_user_func_array&vars[0]=md5&vars[1][]=HelloThinkPHP HTTP/1.1", host: "161.97.106.0:443"
2020/10/11 06:29:15 [error] 965#965: *2810 open() "/usr/share/nginx/cv.damine.tn/api/jsonws/invoke" failed (2: No such file or directory), client: 193.27.228.27, server: cv.damine.tn, request: "POST /api/jsonws/invoke HTTP/1.1", host: "161.97.106.0:443"
2020/10/11 07:20:35 [error] 966#966: *2825 open() "/usr/share/nginx/cv.damine.tn/vendor/phpunit/phpunit/src/Util/PHP/eval-stdin.php" failed (2: No such file or directory), client: 193.27.228.27, server: cv.damine.tn, request: "GET /vendor/phpunit/phpunit/src/Util/PHP/eval-stdin.php HTTP/1.1", host: "161.97.106.0:443"
2020/10/11 07:20:35 [error] 966#966: *2826 open() "/usr/share/nginx/cv.damine.tn/vendor/phpunit/phpunit/src/Util/PHP/eval-stdin.php" failed (2: No such file or directory), client: 193.27.228.27, server: cv.damine.tn, request: "POST /vendor/phpunit/phpunit/src/Util/PHP/eval-stdin.php HTTP/1.1", host: "161.97.106.0:443"
2020/10/11 14:26:10 [error] 966#966: *2924 open() "/usr/share/nginx/cv.damine.tn/api/v1/pods" failed (2: No such file or directory), client: 139.162.136.153, server: cv.damine.tn, request: "GET /api/v1/pods HTTP/1.1", host: "161.97.106.0"
2020/10/11 14:26:10 [error] 966#966: *2924 open() "/usr/share/nginx/cv.damine.tn/favicon.ico" failed (2: No such file or directory), client: 139.162.136.153, server: cv.damine.tn, request: "GET /favicon.ico HTTP/1.1", host: "161.97.106.0"
2020/10/11 14:47:12 [error] 966#966: *2925 open() "/usr/share/nginx/cv.damine.tn/api/v1/pods" failed (2: No such file or directory), client: 142.93.153.132, server: cv.damine.tn, request: "GET /api/v1/pods HTTP/1.1", host: "161.97.106.0"
2020/10/11 14:47:12 [error] 966#966: *2925 open() "/usr/share/nginx/cv.damine.tn/favicon.ico" failed (2: No such file or directory), client: 142.93.153.132, server: cv.damine.tn, request: "GET /favicon.ico HTTP/1.1", host: "161.97.106.0"
2020/10/11 14:53:22 [error] 966#966: *2926 open() "/usr/share/nginx/cv.damine.tn/owa/auth/logon.aspx" failed (2: No such file or directory), client: 192.241.238.80, server: cv.damine.tn, request: "GET /owa/auth/logon.aspx?url=https%3a%2f%2f1%2fecp%2f HTTP/1.1", host: "161.97.106.0"
2020/10/12 00:23:14 [error] 966#966: *3001 open() "/usr/share/nginx/cv.damine.tn/sitemap.xml" failed (2: No such file or directory), client: 185.142.236.43, server: cv.damine.tn, request: "GET /sitemap.xml HTTP/1.1", host: "161.97.106.0"
2020/10/12 00:23:16 [error] 965#965: *3002 open() "/usr/share/nginx/cv.damine.tn/.well-known/security.txt" failed (2: No such file or directory), client: 185.142.236.43, server: cv.damine.tn, request: "GET /.well-known/security.txt HTTP/1.1", host: "161.97.106.0"
